Archive member included to satisfy reference by file (symbol)

E:/CTOOLS/mingw32/bin/../lib/gcc/i686-w64-mingw32/9.2.0/../../../../i686-w64-mingw32/lib/../lib/libmingw32.a(lib32_libmingw32_a-crt0_c.o)
                              E:/CTOOLS/mingw32/bin/../lib/gcc/i686-w64-mingw32/9.2.0/../../../../i686-w64-mingw32/lib/../lib/crt2.o (main)
E:/CTOOLS/mingw32/bin/../lib/gcc/i686-w64-mingw32/9.2.0/../../../../i686-w64-mingw32/lib/../lib/libmingw32.a(lib32_libmingw32_a-gccmain.o)
                              E:/CTOOLS/mingw32/bin/../lib/gcc/i686-w64-mingw32/9.2.0/../../../../i686-w64-mingw32/lib/../lib/crt2.o (__main)
E:/CTOOLS/mingw32/bin/../lib/gcc/i686-w64-mingw32/9.2.0/../../../../i686-w64-mingw32/lib/../lib/libmingw32.a(lib32_libmingw32_a-natstart.o)
                              E:/CTOOLS/mingw32/bin/../lib/gcc/i686-w64-mingw32/9.2.0/../../../../i686-w64-mingw32/lib/../lib/crt2.o (__native_startup_lock)
E:/CTOOLS/mingw32/bin/../lib/gcc/i686-w64-mingw32/9.2.0/../../../../i686-w64-mingw32/lib/../lib/libmingw32.a(lib32_libmingw32_a-wildcard.o)
                              E:/CTOOLS/mingw32/bin/../lib/gcc/i686-w64-mingw32/9.2.0/../../../../i686-w64-mingw32/lib/../lib/crt2.o (_dowildcard)
E:/CTOOLS/mingw32/bin/../lib/gcc/i686-w64-mingw32/9.2.0/../../../../i686-w64-mingw32/lib/../lib/libmingw32.a(lib32_libmingw32_a-charmax.o)
                              E:/CTOOLS/mingw32/bin/../lib/gcc/i686-w64-mingw32/9.2.0/../../../../i686-w64-mingw32/lib/../lib/crt2.o (mingw_initcharmax)
E:/CTOOLS/mingw32/bin/../lib/gcc/i686-w64-mingw32/9.2.0/../../../../i686-w64-mingw32/lib/../lib/libmingw32.a(lib32_libmingw32_a-dllargv.o)
                              E:/CTOOLS/mingw32/bin/../lib/gcc/i686-w64-mingw32/9.2.0/../../../../i686-w64-mingw32/lib/../lib/crt2.o (_setargv)
E:/CTOOLS/mingw32/bin/../lib/gcc/i686-w64-mingw32/9.2.0/../../../../i686-w64-mingw32/lib/../lib/libmingw32.a(lib32_libmingw32_a-gs_support.o)
                              E:/CTOOLS/mingw32/bin/../lib/gcc/i686-w64-mingw32/9.2.0/../../../../i686-w64-mingw32/lib/../lib/crt2.o (__security_init_cookie)
E:/CTOOLS/mingw32/bin/../lib/gcc/i686-w64-mingw32/9.2.0/../../../../i686-w64-mingw32/lib/../lib/libmingw32.a(lib32_libmingw32_a-_newmode.o)
                              E:/CTOOLS/mingw32/bin/../lib/gcc/i686-w64-mingw32/9.2.0/../../../../i686-w64-mingw32/lib/../lib/crt2.o (_newmode)
E:/CTOOLS/mingw32/bin/../lib/gcc/i686-w64-mingw32/9.2.0/../../../../i686-w64-mingw32/lib/../lib/libmingw32.a(lib32_libmingw32_a-tlssup.o)
                              E:/CTOOLS/mingw32/bin/../lib/gcc/i686-w64-mingw32/9.2.0/../../../../i686-w64-mingw32/lib/../lib/crt2.o (mingw_initltssuo_force)
E:/CTOOLS/mingw32/bin/../lib/gcc/i686-w64-mingw32/9.2.0/../../../../i686-w64-mingw32/lib/../lib/libmingw32.a(lib32_libmingw32_a-cinitexe.o)
                              E:/CTOOLS/mingw32/bin/../lib/gcc/i686-w64-mingw32/9.2.0/../../../../i686-w64-mingw32/lib/../lib/crt2.o (__xc_z)
E:/CTOOLS/mingw32/bin/../lib/gcc/i686-w64-mingw32/9.2.0/../../../../i686-w64-mingw32/lib/../lib/libmingw32.a(lib32_libmingw32_a-merr.o)
                              E:/CTOOLS/mingw32/bin/../lib/gcc/i686-w64-mingw32/9.2.0/../../../../i686-w64-mingw32/lib/../lib/crt2.o (_matherr)
E:/CTOOLS/mingw32/bin/../lib/gcc/i686-w64-mingw32/9.2.0/../../../../i686-w64-mingw32/lib/../lib/libmingw32.a(lib32_libmingw32_a-CRT_fp10.o)
                              E:/CTOOLS/mingw32/bin/../lib/gcc/i686-w64-mingw32/9.2.0/../../../../i686-w64-mingw32/lib/../lib/crt2.o (_fpreset)
E:/CTOOLS/mingw32/bin/../lib/gcc/i686-w64-mingw32/9.2.0/../../../../i686-w64-mingw32/lib/../lib/libmingw32.a(lib32_libmingw32_a-mingw_helpers.o)
                              E:/CTOOLS/mingw32/bin/../lib/gcc/i686-w64-mingw32/9.2.0/../../../../i686-w64-mingw32/lib/../lib/crt2.o (mingw_app_type)
E:/CTOOLS/mingw32/bin/../lib/gcc/i686-w64-mingw32/9.2.0/../../../../i686-w64-mingw32/lib/../lib/libmingw32.a(lib32_libmingw32_a-pseudo-reloc.o)
                              E:/CTOOLS/mingw32/bin/../lib/gcc/i686-w64-mingw32/9.2.0/../../../../i686-w64-mingw32/lib/../lib/crt2.o (_pei386_runtime_relocator)
E:/CTOOLS/mingw32/bin/../lib/gcc/i686-w64-mingw32/9.2.0/../../../../i686-w64-mingw32/lib/../lib/libmingw32.a(lib32_libmingw32_a-usermatherr.o)
                              E:/CTOOLS/mingw32/bin/../lib/gcc/i686-w64-mingw32/9.2.0/../../../../i686-w64-mingw32/lib/../lib/crt2.o (__mingw_setusermatherr)
E:/CTOOLS/mingw32/bin/../lib/gcc/i686-w64-mingw32/9.2.0/../../../../i686-w64-mingw32/lib/../lib/libmingw32.a(lib32_libmingw32_a-xtxtmode.o)
                              E:/CTOOLS/mingw32/bin/../lib/gcc/i686-w64-mingw32/9.2.0/../../../../i686-w64-mingw32/lib/../lib/crt2.o (_fmode)
E:/CTOOLS/mingw32/bin/../lib/gcc/i686-w64-mingw32/9.2.0/../../../../i686-w64-mingw32/lib/../lib/libmingw32.a(lib32_libmingw32_a-crt_handler.o)
                              E:/CTOOLS/mingw32/bin/../lib/gcc/i686-w64-mingw32/9.2.0/../../../../i686-w64-mingw32/lib/../lib/crt2.o (_gnu_exception_handler@4)
[...]
Memory Configuration

Name             Origin             Length             Attributes
*default*        0x00000000         0xffffffff

Linker script and memory map

                0x00400000                __image_base__ = 0x400000
                0x00000000                __dll__ = 0x0
                0x00400000                ___ImageBase = 0x400000
                0x00001000                __section_alignment__ = 0x1000
                0x00000200                __file_alignment__ = 0x200
                0x00000004                __major_os_version__ = 0x4
                0x00000000                __minor_os_version__ = 0x0
                0x00000001                __major_image_version__ = 0x1
                0x00000000                __minor_image_version__ = 0x0
                0x00000004                __major_subsystem_version__ = 0x4
                0x00000000                __minor_subsystem_version__ = 0x0
                0x00000003                __subsystem__ = 0x3
                0x00200000                __size_of_stack_reserve__ = 0x200000
                0x00001000                __size_of_stack_commit__ = 0x1000
                0x00100000                __size_of_heap_reserve__ = 0x100000
                0x00001000                __size_of_heap_commit__ = 0x1000
                0x00000000                __loader_flags__ = 0x0
                0x00000000                __dll_characteristics__ = 0x0
LOAD E:/CTOOLS/mingw32/bin/../lib/gcc/i686-w64-mingw32/9.2.0/../../../../i686-w64-mingw32/lib/../lib/crt2.o
LOAD E:/CTOOLS/mingw32/bin/../lib/gcc/i686-w64-mingw32/9.2.0/crtbegin.o
LOAD E:/CTOOLS/mingw32/bin/../lib/gcc/i686-w64-mingw32/9.2.0/../../../../i686-w64-mingw32/lib/../lib/libmingw32.a
LOAD E:/CTOOLS/mingw32/bin/../lib/gcc/i686-w64-mingw32/9.2.0/libgcc.a
LOAD E:/CTOOLS/mingw32/bin/../lib/gcc/i686-w64-mingw32/9.2.0/libgcc_eh.a
LOAD E:/CTOOLS/mingw32/bin/../lib/gcc/i686-w64-mingw32/9.2.0/../../../../i686-w64-mingw32/lib/../lib/libmoldname.a
LOAD E:/CTOOLS/mingw32/bin/../lib/gcc/i686-w64-mingw32/9.2.0/../../../../i686-w64-mingw32/lib/../lib/libmingwex.a
LOAD E:/CTOOLS/mingw32/bin/../lib/gcc/i686-w64-mingw32/9.2.0/../../../../i686-w64-mingw32/lib/../lib/libmsvcrt.a
LOAD E:/CTOOLS/mingw32/bin/../lib/gcc/i686-w64-mingw32/9.2.0/../../../../i686-w64-mingw32/lib/../lib/libpthread.dll.a
LOAD E:/CTOOLS/mingw32/bin/../lib/gcc/i686-w64-mingw32/9.2.0/../../../../i686-w64-mingw32/lib/../lib/libadvapi32.a
LOAD E:/CTOOLS/mingw32/bin/../lib/gcc/i686-w64-mingw32/9.2.0/../../../../i686-w64-mingw32/lib/../lib/libshell32.a
LOAD E:/CTOOLS/mingw32/bin/../lib/gcc/i686-w64-mingw32/9.2.0/../../../../i686-w64-mingw32/lib/../lib/libuser32.a
LOAD E:/CTOOLS/mingw32/bin/../lib/gcc/i686-w64-mingw32/9.2.0/../../../../i686-w64-mingw32/lib/../lib/libkernel32.a
LOAD E:/CTOOLS/mingw32/bin/../lib/gcc/i686-w64-mingw32/9.2.0/../../../../i686-w64-mingw32/lib/../lib/libmingw32.a
LOAD E:/CTOOLS/mingw32/bin/../lib/gcc/i686-w64-mingw32/9.2.0/libgcc.a
LOAD E:/CTOOLS/mingw32/bin/../lib/gcc/i686-w64-mingw32/9.2.0/libgcc_eh.a
LOAD E:/CTOOLS/mingw32/bin/../lib/gcc/i686-w64-mingw32/9.2.0/../../../../i686-w64-mingw32/lib/../lib/libmoldname.a
LOAD E:/CTOOLS/mingw32/bin/../lib/gcc/i686-w64-mingw32/9.2.0/../../../../i686-w64-mingw32/lib/../lib/libmingwex.a
LOAD E:/CTOOLS/mingw32/bin/../lib/gcc/i686-w64-mingw32/9.2.0/../../../../i686-w64-mingw32/lib/../lib/libmsvcrt.a
LOAD E:/CTOOLS/mingw32/bin/../lib/gcc/i686-w64-mingw32/9.2.0/../../../../i686-w64-mingw32/lib/../lib/default-manifest.o
LOAD E:/CTOOLS/mingw32/bin/../lib/gcc/i686-w64-mingw32/9.2.0/crtend.o
                0x000003f8                . = SIZEOF_HEADERS
                0x00001000                . = ALIGN (__section_alignment__)

.text           0x00401000     0x1800
 *(SORT_NONE(.init))
 *(.text)
 .text          0x00401000      0x500 E:/CTOOLS/mingw32/bin/../lib/gcc/i686-w64-mingw32/9.2.0/../../../../i686-w64-mingw32/lib/../lib/crt2.o
                0x004014a0                WinMainCRTStartup
                0x004014c0                mainCRTStartup
                0x004014e0                atexit
 .text          0x00401500       0xe0 E:/CTOOLS/mingw32/bin/../lib/gcc/i686-w64-mingw32/9.2.0/crtbegin.o
                0x00401500                __gcc_register_frame
                0x004015b0                __gcc_deregister_frame
 .text          0x004015e0        0x0 E:/CTOOLS/mingw32/bin/../lib/gcc/i686-w64-mingw32/9.2.0/../../../../i686-w64-mingw32/lib/../lib/libmingw32.a(lib32_libmingw32_a-crt0_c.o)
 .text          0x004015e0       0xc0 E:/CTOOLS/mingw32/bin/../lib/gcc/i686-w64-mingw32/9.2.0/../../../../i686-w64-mingw32/lib/../lib/libmingw32.a(lib32_libmingw32_a-gccmain.o)
                0x004015e0                __do_global_dtors
                0x00401620                __do_global_ctors
                0x00401680                __main
 .text          0x004016a0        0x0 E:/CTOOLS/mingw32/bin/../lib/gcc/i686-w64-mingw32/9.2.0/../../../../i686-w64-mingw32/lib/../lib/libmingw32.a(lib32_libmingw32_a-natstart.o)
 .text          0x004016a0        0x0 E:/CTOOLS/mingw32/bin/../lib/gcc/i686-w64-mingw32/9.2.0/../../../../i686-w64-mingw32/lib/../lib/libmingw32.a(lib32_libmingw32_a-wildcard.o)
 .text          0x004016a0       0x10 E:/CTOOLS/mingw32/bin/../lib/gcc/i686-w64-mingw32/9.2.0/../../../../i686-w64-mingw32/lib/../lib/libmingw32.a(lib32_libmingw32_a-charmax.o)
 .text          0x004016b0       0x10 E:/CTOOLS/mingw32/bin/../lib/gcc/i686-w64-mingw32/9.2.0/../../../../i686-w64-mingw32/lib/../lib/libmingw32.a(lib32_libmingw32_a-dllargv.o)
                0x004016b0                _setargv
 .text          0x004016c0      0x150 E:/CTOOLS/mingw32/bin/../lib/gcc/i686-w64-mingw32/9.2.0/../../../../i686-w64-mingw32/lib/../lib/libmingw32.a(lib32_libmingw32_a-gs_support.o)
                0x004016c0                __security_init_cookie
                0x00401780                __report_gsfailure
 .text          0x00401810        0x0 E:/CTOOLS/mingw32/bin/../lib/gcc/i686-w64-mingw32/9.2.0/../../../../i686-w64-mingw32/lib/../lib/libmingw32.a(lib32_libmingw32_a-_newmode.o)
 .text          0x00401810      0x100 E:/CTOOLS/mingw32/bin/../lib/gcc/i686-w64-mingw32/9.2.0/../../../../i686-w64-mingw32/lib/../lib/libmingw32.a(lib32_libmingw32_a-tlssup.o)
                0x00401860                __dyn_tls_init@12
                0x00401900                __tlregdtor
 .text          0x00401910        0x0 E:/CTOOLS/mingw32/bin/../lib/gcc/i686-w64-mingw32/9.2.0/../../../../i686-w64-mingw32/lib/../lib/libmingw32.a(lib32_libmingw32_a-cinitexe.o)
 .text          0x00401910       0x80 E:/CTOOLS/mingw32/bin/../lib/gcc/i686-w64-mingw32/9.2.0/../../../../i686-w64-mingw32/lib/../lib/libmingw32.a(lib32_libmingw32_a-merr.o)
                0x00401910                _matherr
 .text          0x00401990       0x10 E:/CTOOLS/mingw32/bin/../lib/gcc/i686-w64-mingw32/9.2.0/../../../../i686-w64-mingw32/lib/../lib/libmingw32.a(lib32_libmingw32_a-CRT_fp10.o)
                0x00401990                fpreset
                0x00401990                _fpreset
 .text          0x004019a0        0x0 E:/CTOOLS/mingw32/bin/../lib/gcc/i686-w64-mingw32/9.2.0/../../../../i686-w64-mingw32/lib/../lib/libmingw32.a(lib32_libmingw32_a-mingw_helpers.o)
 .text          0x004019a0      0x420 E:/CTOOLS/mingw32/bin/../lib/gcc/i686-w64-mingw32/9.2.0/../../../../i686-w64-mingw32/lib/../lib/libmingw32.a(lib32_libmingw32_a-pseudo-reloc.o)
                0x00401b40                _pei386_runtime_relocator
 .text          0x00401dc0       0x70 E:/CTOOLS/mingw32/bin/../lib/gcc/i686-w64-mingw32/9.2.0/../../../../i686-w64-mingw32/lib/../lib/libmingw32.a(lib32_libmingw32_a-usermatherr.o)
                0x00401dc0                __mingw_raise_matherr
                0x00401e20                __mingw_setusermatherr
 .text          0x00401e30        0x0 E:/CTOOLS/mingw32/bin/../lib/gcc/i686-w64-mingw32/9.2.0/../../../../i686-w64-mingw32/lib/../lib/libmingw32.a(lib32_libmingw32_a-xtxtmode.o)
 .text          0x00401e30      0x1b0 E:/CTOOLS/mingw32/bin/../lib/gcc/i686-w64-mingw32/9.2.0/../../../../i686-w64-mingw32/lib/../lib/libmingw32.a(lib32_libmingw32_a-crt_handler.o)
                0x00401e30                _gnu_exception_handler@4
 .text          0x00401fe0      0x260 E:/CTOOLS/mingw32/bin/../lib/gcc/i686-w64-mingw32/9.2.0/../../../../i686-w64-mingw32/lib/../lib/libmingw32.a(lib32_libmingw32_a-tlsthrd.o)
                0x00402050                ___w64_mingwthr_add_key_dtor
                0x004020d0                ___w64_mingwthr_remove_key_dtor
                0x00402160                __mingw_TLScallback
 .text          0x00402240        0x0 E:/CTOOLS/mingw32/bin/../lib/gcc/i686-w64-mingw32/9.2.0/../../../../i686-w64-mingw32/lib/../lib/libmingw32.a(lib32_libmingw32_a-tlsmcrt.o)
 .text          0x00402240        0x0 E:/CTOOLS/mingw32/bin/../lib/gcc/i686-w64-mingw32/9.2.0/../../../../i686-w64-mingw32/lib/../lib/libmingw32.a(lib32_libmingw32_a-pseudo-reloc-list.o)
 .text          0x00402240      0x3b0 E:/CTOOLS/mingw32/bin/../lib/gcc/i686-w64-mingw32/9.2.0/../../../../i686-w64-mingw32/lib/../lib/libmingw32.a(lib32_libmingw32_a-pesect.o)
                0x00402270                _ValidateImageBase
                0x00402290                _FindPESection
                0x004022d0                _FindPESectionByName
                0x00402370                __mingw_GetSectionForAddress
                0x004023f0                __mingw_GetSectionCount
                0x00402420                _FindPESectionExec
                0x00402480                _GetPEImageBase
                0x004024b0                _IsNonwritableInCurrentImage
                0x00402540                __mingw_enum_import_library_names
 .text          0x004025f0       0x2c E:/CTOOLS/mingw32/bin/../lib/gcc/i686-w64-mingw32/9.2.0/libgcc.a(_chkstk_ms.o)
                0x004025f0                __chkstk_ms
 .text          0x0040261c        0x0 E:/CTOOLS/mingw32/bin/../lib/gcc/i686-w64-mingw32/9.2.0/libgcc.a(_ctors.o)
 .text          0x0040261c        0x0 E:/CTOOLS/mingw32/bin/../lib/gcc/i686-w64-mingw32/9.2.0/../../../../i686-w64-mingw32/lib/../lib/libmingwex.a(lib32_libmingwex_a-mingw_matherr.o)
 .text          0x0040261c        0x8 E:/CTOOLS/mingw32/bin/../lib/gcc/i686-w64-mingw32/9.2.0/../../../../i686-w64-mingw32/lib/../lib/libmsvcrt.a(dgjads01257.o)
                0x0040261c                vfprintf
 .text          0x00402624        0x8 E:/CTOOLS/mingw32/bin/../lib/gcc/i686-w64-mingw32/9.2.0/../../../../i686-w64-mingw32/lib/../lib/libmsvcrt.a(dgjads01224.o)
                0x00402624                strncmp
 .text          0x0040262c        0x8 E:/CTOOLS/mingw32/bin/../lib/gcc/i686-w64-mingw32/9.2.0/../../../../i686-w64-mingw32/lib/../lib/libmsvcrt.a(dgjads01221.o)
                0x0040262c                strlen
 .text          0x00402634        0x8 E:/CTOOLS/mingw32/bin/../lib/gcc/i686-w64-mingw32/9.2.0/../../../../i686-w64-mingw32/lib/../lib/libmsvcrt.a(dgjads01203.o)
                0x00402634                signal
 .text          0x0040263c        0x8 E:/CTOOLS/mingw32/bin/../lib/gcc/i686-w64-mingw32/9.2.0/../../../../i686-w64-mingw32/lib/../lib/libmsvcrt.a(dgjads01177.o)
                0x0040263c                memcpy
 .text          0x00402644        0x8 E:/CTOOLS/mingw32/bin/../lib/gcc/i686-w64-mingw32/9.2.0/../../../../i686-w64-mingw32/lib/../lib/libmsvcrt.a(dgjads01167.o)
                0x00402644                malloc
 .text          0x0040264c        0x8 E:/CTOOLS/mingw32/bin/../lib/gcc/i686-w64-mingw32/9.2.0/../../../../i686-w64-mingw32/lib/../lib/libmsvcrt.a(dgjads01120.o)
                0x0040264c                fwrite
 .text          0x00402654        0x8 E:/CTOOLS/mingw32/bin/../lib/gcc/i686-w64-mingw32/9.2.0/../../../../i686-w64-mingw32/lib/../lib/libmsvcrt.a(dgjads01110.o)
                0x00402654                free
 .text          0x0040265c        0x8 E:/CTOOLS/mingw32/bin/../lib/gcc/i686-w64-mingw32/9.2.0/../../../../i686-w64-mingw32/lib/../lib/libmsvcrt.a(dgjads01101.o)
                0x0040265c                fprintf
 .text          0x00402664        0x8 E:/CTOOLS/mingw32/bin/../lib/gcc/i686-w64-mingw32/9.2.0/../../../../i686-w64-mingw32/lib/../lib/libmsvcrt.a(dgjads01085.o)
                0x00402664                exit
 .text          0x0040266c        0x8 E:/CTOOLS/mingw32/bin/../lib/gcc/i686-w64-mingw32/9.2.0/../../../../i686-w64-mingw32/lib/../lib/libmsvcrt.a(dgjads01076.o)
                0x0040266c                calloc
 .text          0x00402674        0x8 E:/CTOOLS/mingw32/bin/../lib/gcc/i686-w64-mingw32/9.2.0/../../../../i686-w64-mingw32/lib/../lib/libmsvcrt.a(dgjads01059.o)
                0x00402674                abort
 .text          0x0040267c        0x8 E:/CTOOLS/mingw32/bin/../lib/gcc/i686-w64-mingw32/9.2.0/../../../../i686-w64-mingw32/lib/../lib/libmsvcrt.a(dgjads00629.o)
                0x0040267c                _onexit
 .text          0x00402684        0x8 E:/CTOOLS/mingw32/bin/../lib/gcc/i686-w64-mingw32/9.2.0/../../../../i686-w64-mingw32/lib/../lib/libmsvcrt.a(dgjads00352.o)
                0x00402684                _initterm
 .text          0x0040268c        0x8 E:/CTOOLS/mingw32/bin/../lib/gcc/i686-w64-mingw32/9.2.0/../../../../i686-w64-mingw32/lib/../lib/libmsvcrt.a(dgjads00160.o)
                0x0040268c                _cexit
 .text          0x00402694        0x8 E:/CTOOLS/mingw32/bin/../lib/gcc/i686-w64-mingw32/9.2.0/../../../../i686-w64-mingw32/lib/../lib/libmsvcrt.a(dgjads00143.o)
                0x00402694                _amsg_exit
 .text          0x0040269c        0x8 E:/CTOOLS/mingw32/bin/../lib/gcc/i686-w64-mingw32/9.2.0/../../../../i686-w64-mingw32/lib/../lib/libmsvcrt.a(dgjads00106.o)
                0x0040269c                __setusermatherr
 .text          0x004026a4        0x8 E:/CTOOLS/mingw32/bin/../lib/gcc/i686-w64-mingw32/9.2.0/../../../../i686-w64-mingw32/lib/../lib/libmsvcrt.a(dgjads00103.o)
                0x004026a4                __set_app_type
 .text          0x004026ac        0x8 E:/CTOOLS/mingw32/bin/../lib/gcc/i686-w64-mingw32/9.2.0/../../../../i686-w64-mingw32/lib/../lib/libmsvcrt.a(dgjads00082.o)
                0x004026ac                __p__fmode
 .text          0x004026b4        0x8 E:/CTOOLS/mingw32/bin/../lib/gcc/i686-w64-mingw32/9.2.0/../../../../i686-w64-mingw32/lib/../lib/libmsvcrt.a(dgjads00075.o)
                0x004026b4                __p__acmdln
 .text          0x004026bc        0x0 E:/CTOOLS/mingw32/bin/../lib/gcc/i686-w64-mingw32/9.2.0/../../../../i686-w64-mingw32/lib/../lib/libmsvcrt.a(dgjads00058.o)
 .text          0x004026bc        0x8 E:/CTOOLS/mingw32/bin/../lib/gcc/i686-w64-mingw32/9.2.0/../../../../i686-w64-mingw32/lib/../lib/libmsvcrt.a(dgjads00057.o)
                0x004026bc                __getmainargs
 *fill*         0x004026c4        0xc 
 .text          0x004026d0       0x10 E:/CTOOLS/mingw32/bin/../lib/gcc/i686-w64-mingw32/9.2.0/../../../../i686-w64-mingw32/lib/../lib/libmsvcrt.a(lib32_libmsvcrt_os_a-acrt_iob_func.o)
                0x004026d0                __acrt_iob_func
 .text          0x004026e0       0x20 E:/CTOOLS/mingw32/bin/../lib/gcc/i686-w64-mingw32/9.2.0/../../../../i686-w64-mingw32/lib/../lib/libmsvcrt.a(lib32_libmsvcrt_os_a-invalid_parameter_handler.o)
                0x004026e0                _get_invalid_parameter_handler
                0x004026f0                _set_invalid_parameter_handler
 .text          0x00402700        0x0 E:/CTOOLS/mingw32/bin/../lib/gcc/i686-w64-mingw32/9.2.0/../../../../i686-w64-mingw32/lib/../lib/libmsvcrt.a(dgjadh.o)
 .text          0x00402700        0x0 E:/CTOOLS/mingw32/bin/../lib/gcc/i686-w64-mingw32/9.2.0/../../../../i686-w64-mingw32/lib/../lib/libmsvcrt.a(dgjads00356.o)
 .text          0x00402700        0x0 E:/CTOOLS/mingw32/bin/../lib/gcc/i686-w64-mingw32/9.2.0/../../../../i686-w64-mingw32/lib/../lib/libmsvcrt.a(dgjadt.o)
 .text          0x00402700        0x0 E:/CTOOLS/mingw32/bin/../lib/gcc/i686-w64-mingw32/9.2.0/../../../../i686-w64-mingw32/lib/../lib/libkernel32.a(dgdkbh.o)
 .text          0x00402700        0x0 E:/CTOOLS/mingw32/bin/../lib/gcc/i686-w64-mingw32/9.2.0/../../../../i686-w64-mingw32/lib/../lib/libkernel32.a(dgdkbt.o)
 .text          0x00402700        0x0 E:/CTOOLS/mingw32/bin/../lib/gcc/i686-w64-mingw32/9.2.0/crtend.o
 *(SORT_BY_NAME(.text$*))
 *(.text.*)
 .text.startup  0x00402700       0x50 E:/CTOOLS/mingw32/bin/../lib/gcc/i686-w64-mingw32/9.2.0/../../../../i686-w64-mingw32/lib/../lib/libmingw32.a(lib32_libmingw32_a-crt0_c.o)
                0x00402700                main
 .text.startup  0x00402750       0x10 E:/CTOOLS/mingw32/bin/../lib/gcc/i686-w64-mingw32/9.2.0/crtend.o
 *(.gnu.linkonce.t.*)
 *(.glue_7t)
 *(.glue_7)
                0x00402760                ___CTOR_LIST__ = .
                0x00402760                __CTOR_LIST__ = .
                0x00402760        0x4 LONG 0xffffffff
 *(.ctors)
 *(.ctor)
 *(SORT_BY_NAME(.ctors.*))
 .ctors.65535   0x00402764        0x4 E:/CTOOLS/mingw32/bin/../lib/gcc/i686-w64-mingw32/9.2.0/crtend.o
                0x00402768        0x4 LONG 0x0
                0x0040276c                ___DTOR_LIST__ = .
                0x0040276c                __DTOR_LIST__ = .
                0x0040276c        0x4 LONG 0xffffffff
 *(.dtors)
 *(.dtor)
 *(SORT_BY_NAME(.dtors.*))
                0x00402770        0x4 LONG 0x0
 *(SORT_NONE(.fini))
 *(.gcc_exc)
                [!provide]                PROVIDE (etext = .)
                [!provide]                PROVIDE (_etext = .)
 *(.gcc_except_table)

.data           0x00403000      0x200
                0x00403000                __data_start__ = .
 *(.data)
 .data          0x00403000        0x4 E:/CTOOLS/mingw32/bin/../lib/gcc/i686-w64-mingw32/9.2.0/../../../../i686-w64-mingw32/lib/../lib/crt2.o
                0x00403000                __mingw_winmain_nShowCmd
 .data          0x00403004        0x4 E:/CTOOLS/mingw32/bin/../lib/gcc/i686-w64-mingw32/9.2.0/crtbegin.o
 .data          0x00403008        0x0 E:/CTOOLS/mingw32/bin/../lib/gcc/i686-w64-mingw32/9.2.0/../../../../i686-w64-mingw32/lib/../lib/libmingw32.a(lib32_libmingw32_a-crt0_c.o)
 .data          0x00403008        0x4 E:/CTOOLS/mingw32/bin/../lib/gcc/i686-w64-mingw32/9.2.0/../../../../i686-w64-mingw32/lib/../lib/libmingw32.a(lib32_libmingw32_a-gccmain.o)
 .data          0x0040300c        0x8 E:/CTOOLS/mingw32/bin/../lib/gcc/i686-w64-mingw32/9.2.0/../../../../i686-w64-mingw32/lib/../lib/libmingw32.a(lib32_libmingw32_a-natstart.o)
                0x0040300c                __native_vcclrit_reason
                0x00403010                __native_dllmain_reason
 .data          0x00403014        0x4 E:/CTOOLS/mingw32/bin/../lib/gcc/i686-w64-mingw32/9.2.0/../../../../i686-w64-mingw32/lib/../lib/libmingw32.a(lib32_libmingw32_a-wildcard.o)
                0x00403014                _dowildcard
 .data          0x00403018        0x4 E:/CTOOLS/mingw32/bin/../lib/gcc/i686-w64-mingw32/9.2.0/../../../../i686-w64-mingw32/lib/../lib/libmingw32.a(lib32_libmingw32_a-charmax.o)
                0x00403018                _charmax
 .data          0x0040301c        0x0 E:/CTOOLS/mingw32/bin/../lib/gcc/i686-w64-mingw32/9.2.0/../../../../i686-w64-mingw32/lib/../lib/libmingw32.a(lib32_libmingw32_a-dllargv.o)
 .data          0x0040301c        0x0 E:/CTOOLS/mingw32/bin/../lib/gcc/i686-w64-mingw32/9.2.0/../../../../i686-w64-mingw32/lib/../lib/libmingw32.a(lib32_libmingw32_a-gs_support.o)
 .data          0x0040301c        0x0 E:/CTOOLS/mingw32/bin/../lib/gcc/i686-w64-mingw32/9.2.0/../../../../i686-w64-mingw32/lib/../lib/libmingw32.a(lib32_libmingw32_a-_newmode.o)
 .data          0x0040301c        0x0 E:/CTOOLS/mingw32/bin/../lib/gcc/i686-w64-mingw32/9.2.0/../../../../i686-w64-mingw32/lib/../lib/libmingw32.a(lib32_libmingw32_a-tlssup.o)
 .data          0x0040301c        0x0 E:/CTOOLS/mingw32/bin/../lib/gcc/i686-w64-mingw32/9.2.0/../../../../i686-w64-mingw32/lib/../lib/libmingw32.a(lib32_libmingw32_a-cinitexe.o)
 .data          0x0040301c        0x0 E:/CTOOLS/mingw32/bin/../lib/gcc/i686-w64-mingw32/9.2.0/../../../../i686-w64-mingw32/lib/../lib/libmingw32.a(lib32_libmingw32_a-merr.o)
 .data          0x0040301c        0x0 E:/CTOOLS/mingw32/bin/../lib/gcc/i686-w64-mingw32/9.2.0/../../../../i686-w64-mingw32/lib/../lib/libmingw32.a(lib32_libmingw32_a-CRT_fp10.o)
 .data          0x0040301c        0x0 E:/CTOOLS/mingw32/bin/../lib/gcc/i686-w64-mingw32/9.2.0/../../../../i686-w64-mingw32/lib/../lib/libmingw32.a(lib32_libmingw32_a-mingw_helpers.o)
 .data          0x0040301c        0x0 E:/CTOOLS/mingw32/bin/../lib/gcc/i686-w64-mingw32/9.2.0/../../../../i686-w64-mingw32/lib/../lib/libmingw32.a(lib32_libmingw32_a-pseudo-reloc.o)
 .data          0x0040301c        0x0 E:/CTOOLS/mingw32/bin/../lib/gcc/i686-w64-mingw32/9.2.0/../../../../i686-w64-mingw32/lib/../lib/libmingw32.a(lib32_libmingw32_a-usermatherr.o)
 .data          0x0040301c        0x0 E:/CTOOLS/mingw32/bin/../lib/gcc/i686-w64-mingw32/9.2.0/../../../../i686-w64-mingw32/lib/../lib/libmingw32.a(lib32_libmingw32_a-xtxtmode.o)
 .data          0x0040301c        0x0 E:/CTOOLS/mingw32/bin/../lib/gcc/i686-w64-mingw32/9.2.0/../../../../i686-w64-mingw32/lib/../lib/libmingw32.a(lib32_libmingw32_a-crt_handler.o)
 .data          0x0040301c        0x0 E:/CTOOLS/mingw32/bin/../lib/gcc/i686-w64-mingw32/9.2.0/../../../../i686-w64-mingw32/lib/../lib/libmingw32.a(lib32_libmingw32_a-tlsthrd.o)
 .data          0x0040301c        0x4 E:/CTOOLS/mingw32/bin/../lib/gcc/i686-w64-mingw32/9.2.0/../../../../i686-w64-mingw32/lib/../lib/libmingw32.a(lib32_libmingw32_a-tlsmcrt.o)
                0x0040301c                _CRT_MT
 .data          0x00403020        0x0 E:/CTOOLS/mingw32/bin/../lib/gcc/i686-w64-mingw32/9.2.0/../../../../i686-w64-mingw32/lib/../lib/libmingw32.a(lib32_libmingw32_a-pseudo-reloc-list.o)
 .data          0x00403020        0x0 E:/CTOOLS/mingw32/bin/../lib/gcc/i686-w64-mingw32/9.2.0/../../../../i686-w64-mingw32/lib/../lib/libmingw32.a(lib32_libmingw32_a-pesect.o)
 .data          0x00403020        0x0 E:/CTOOLS/mingw32/bin/../lib/gcc/i686-w64-mingw32/9.2.0/libgcc.a(_chkstk_ms.o)
 .data          0x00403020        0x0 E:/CTOOLS/mingw32/bin/../lib/gcc/i686-w64-mingw32/9.2.0/libgcc.a(_ctors.o)
 .data          0x00403020        0x4 E:/CTOOLS/mingw32/bin/../lib/gcc/i686-w64-mingw32/9.2.0/../../../../i686-w64-mingw32/lib/../lib/libmingwex.a(lib32_libmingwex_a-mingw_matherr.o)
                0x00403020                _MINGW_INSTALL_DEBUG_MATHERR
 .data          0x00403024        0x0 E:/CTOOLS/mingw32/bin/../lib/gcc/i686-w64-mingw32/9.2.0/../../../../i686-w64-mingw32/lib/../lib/libmsvcrt.a(dgjads01257.o)
 .data          0x00403024        0x0 E:/CTOOLS/mingw32/bin/../lib/gcc/i686-w64-mingw32/9.2.0/../../../../i686-w64-mingw32/lib/../lib/libmsvcrt.a(dgjads01224.o)
 .data          0x00403024        0x0 E:/CTOOLS/mingw32/bin/../lib/gcc/i686-w64-mingw32/9.2.0/../../../../i686-w64-mingw32/lib/../lib/libmsvcrt.a(dgjads01221.o)
 .data          0x00403024        0x0 E:/CTOOLS/mingw32/bin/../lib/gcc/i686-w64-mingw32/9.2.0/../../../../i686-w64-mingw32/lib/../lib/libmsvcrt.a(dgjads01203.o)
 .data          0x00403024        0x0 E:/CTOOLS/mingw32/bin/../lib/gcc/i686-w64-mingw32/9.2.0/../../../../i686-w64-mingw32/lib/../lib/libmsvcrt.a(dgjads01177.o)
 .data          0x00403024        0x0 E:/CTOOLS/mingw32/bin/../lib/gcc/i686-w64-mingw32/9.2.0/../../../../i686-w64-mingw32/lib/../lib/libmsvcrt.a(dgjads01167.o)
 .data          0x00403024        0x0 E:/CTOOLS/mingw32/bin/../lib/gcc/i686-w64-mingw32/9.2.0/../../../../i686-w64-mingw32/lib/../lib/libmsvcrt.a(dgjads01120.o)
 .data          0x00403024        0x0 E:/CTOOLS/mingw32/bin/../lib/gcc/i686-w64-mingw32/9.2.0/../../../../i686-w64-mingw32/lib/../lib/libmsvcrt.a(dgjads01110.o)
 .data          0x00403024        0x0 E:/CTOOLS/mingw32/bin/../lib/gcc/i686-w64-mingw32/9.2.0/../../../../i686-w64-mingw32/lib/../lib/libmsvcrt.a(dgjads01101.o)
 .data          0x00403024        0x0 E:/CTOOLS/mingw32/bin/../lib/gcc/i686-w64-mingw32/9.2.0/../../../../i686-w64-mingw32/lib/../lib/libmsvcrt.a(dgjads01085.o)
 .data          0x00403024        0x0 E:/CTOOLS/mingw32/bin/../lib/gcc/i686-w64-mingw32/9.2.0/../../../../i686-w64-mingw32/lib/../lib/libmsvcrt.a(dgjads01076.o)
 .data          0x00403024        0x0 E:/CTOOLS/mingw32/bin/../lib/gcc/i686-w64-mingw32/9.2.0/../../../../i686-w64-mingw32/lib/../lib/libmsvcrt.a(dgjads01059.o)
 .data          0x00403024        0x0 E:/CTOOLS/mingw32/bin/../lib/gcc/i686-w64-mingw32/9.2.0/../../../../i686-w64-mingw32/lib/../lib/libmsvcrt.a(dgjads00629.o)
 .data          0x00403024        0x0 E:/CTOOLS/mingw32/bin/../lib/gcc/i686-w64-mingw32/9.2.0/../../../../i686-w64-mingw32/lib/../lib/libmsvcrt.a(dgjads00352.o)
 .data          0x00403024        0x0 E:/CTOOLS/mingw32/bin/../lib/gcc/i686-w64-mingw32/9.2.0/../../../../i686-w64-mingw32/lib/../lib/libmsvcrt.a(dgjads00160.o)
 .data          0x00403024        0x0 E:/CTOOLS/mingw32/bin/../lib/gcc/i686-w64-mingw32/9.2.0/../../../../i686-w64-mingw32/lib/../lib/libmsvcrt.a(dgjads00143.o)
 .data          0x00403024        0x0 E:/CTOOLS/mingw32/bin/../lib/gcc/i686-w64-mingw32/9.2.0/../../../../i686-w64-mingw32/lib/../lib/libmsvcrt.a(dgjads00106.o)
 .data          0x00403024        0x0 E:/CTOOLS/mingw32/bin/../lib/gcc/i686-w64-mingw32/9.2.0/../../../../i686-w64-mingw32/lib/../lib/libmsvcrt.a(dgjads00103.o)
 .data          0x00403024        0x0 E:/CTOOLS/mingw32/bin/../lib/gcc/i686-w64-mingw32/9.2.0/../../../../i686-w64-mingw32/lib/../lib/libmsvcrt.a(dgjads00082.o)
 .data          0x00403024        0x0 E:/CTOOLS/mingw32/bin/../lib/gcc/i686-w64-mingw32/9.2.0/../../../../i686-w64-mingw32/lib/../lib/libmsvcrt.a(dgjads00075.o)
 .data          0x00403024        0x0 E:/CTOOLS/mingw32/bin/../lib/gcc/i686-w64-mingw32/9.2.0/../../../../i686-w64-mingw32/lib/../lib/libmsvcrt.a(dgjads00067.o)
 .data          0x00403024        0x0 E:/CTOOLS/mingw32/bin/../lib/gcc/i686-w64-mingw32/9.2.0/../../../../i686-w64-mingw32/lib/../lib/libmsvcrt.a(dgjads00058.o)
 .data          0x00403024        0x0 E:/CTOOLS/mingw32/bin/../lib/gcc/i686-w64-mingw32/9.2.0/../../../../i686-w64-mingw32/lib/../lib/libmsvcrt.a(dgjads00057.o)
 .data          0x00403024        0x4 E:/CTOOLS/mingw32/bin/../lib/gcc/i686-w64-mingw32/9.2.0/../../../../i686-w64-mingw32/lib/../lib/libmsvcrt.a(lib32_libmsvcrt_os_a-acrt_iob_func.o)
                0x00403024                _imp____acrt_iob_func
 .data          0x00403028        0x8 E:/CTOOLS/mingw32/bin/../lib/gcc/i686-w64-mingw32/9.2.0/../../../../i686-w64-mingw32/lib/../lib/libmsvcrt.a(lib32_libmsvcrt_os_a-invalid_parameter_handler.o)
                0x00403028                _imp___get_invalid_parameter_handler
                0x0040302c                _imp___set_invalid_parameter_handler
 .data          0x00403030        0x0 E:/CTOOLS/mingw32/bin/../lib/gcc/i686-w64-mingw32/9.2.0/../../../../i686-w64-mingw32/lib/../lib/libmsvcrt.a(dgjadh.o)
 .data          0x00403030        0x0 E:/CTOOLS/mingw32/bin/../lib/gcc/i686-w64-mingw32/9.2.0/../../../../i686-w64-mingw32/lib/../lib/libmsvcrt.a(dgjads00356.o)
 .data          0x00403030        0x0 E:/CTOOLS/mingw32/bin/../lib/gcc/i686-w64-mingw32/9.2.0/../../../../i686-w64-mingw32/lib/../lib/libmsvcrt.a(dgjadt.o)
 .data          0x00403030        0x0 E:/CTOOLS/mingw32/bin/../lib/gcc/i686-w64-mingw32/9.2.0/../../../../i686-w64-mingw32/lib/../lib/libkernel32.a(dgdkbs01471.o)
 .data          0x00403030        0x0 E:/CTOOLS/mingw32/bin/../lib/gcc/i686-w64-mingw32/9.2.0/../../../../i686-w64-mingw32/lib/../lib/libkernel32.a(dgdkbs01468.o)
 .data          0x00403030        0x0 E:/CTOOLS/mingw32/bin/../lib/gcc/i686-w64-mingw32/9.2.0/../../../../i686-w64-mingw32/lib/../lib/libkernel32.a(dgdkbs01434.o)
 .data          0x00403030        0x0 E:/CTOOLS/mingw32/bin/../lib/gcc/i686-w64-mingw32/9.2.0/../../../../i686-w64-mingw32/lib/../lib/libkernel32.a(dgdkbs01420.o)
 .data          0x00403030        0x0 E:/CTOOLS/mingw32/bin/../lib/gcc/i686-w64-mingw32/9.2.0/../../../../i686-w64-mingw32/lib/../lib/libkernel32.a(dgdkbs01400.o)
 .data          0x00403030        0x0 E:/CTOOLS/mingw32/bin/../lib/gcc/i686-w64-mingw32/9.2.0/../../../../i686-w64-mingw32/lib/../lib/libkernel32.a(dgdkbs01385.o)
 .data          0x00403030        0x0 E:/CTOOLS/mingw32/bin/../lib/gcc/i686-w64-mingw32/9.2.0/../../../../i686-w64-mingw32/lib/../lib/libkernel32.a(dgdkbs01369.o)
 .data          0x00403030        0x0 E:/CTOOLS/mingw32/bin/../lib/gcc/i686-w64-mingw32/9.2.0/../../../../i686-w64-mingw32/lib/../lib/libkernel32.a(dgdkbs01117.o)
 .data          0x00403030        0x0 E:/CTOOLS/mingw32/bin/../lib/gcc/i686-w64-mingw32/9.2.0/../../../../i686-w64-mingw32/lib/../lib/libkernel32.a(dgdkbs00976.o)
 .data          0x00403030        0x0 E:/CTOOLS/mingw32/bin/../lib/gcc/i686-w64-mingw32/9.2.0/../../../../i686-w64-mingw32/lib/../lib/libkernel32.a(dgdkbs00972.o)
 .data          0x00403030        0x0 E:/CTOOLS/mingw32/bin/../lib/gcc/i686-w64-mingw32/9.2.0/../../../../i686-w64-mingw32/lib/../lib/libkernel32.a(dgdkbs00876.o)
 .data          0x00403030        0x0 E:/CTOOLS/mingw32/bin/../lib/gcc/i686-w64-mingw32/9.2.0/../../../../i686-w64-mingw32/lib/../lib/libkernel32.a(dgdkbs00785.o)
 .data          0x00403030        0x0 E:/CTOOLS/mingw32/bin/../lib/gcc/i686-w64-mingw32/9.2.0/../../../../i686-w64-mingw32/lib/../lib/libkernel32.a(dgdkbs00754.o)
 .data          0x00403030        0x0 E:/CTOOLS/mingw32/bin/../lib/gcc/i686-w64-mingw32/9.2.0/../../../../i686-w64-mingw32/lib/../lib/libkernel32.a(dgdkbs00728.o)
 .data          0x00403030        0x0 E:/CTOOLS/mingw32/bin/../lib/gcc/i686-w64-mingw32/9.2.0/../../../../i686-w64-mingw32/lib/../lib/libkernel32.a(dgdkbs00693.o)
 .data          0x00403030        0x0 E:/CTOOLS/mingw32/bin/../lib/gcc/i686-w64-mingw32/9.2.0/../../../../i686-w64-mingw32/lib/../lib/libkernel32.a(dgdkbs00636.o)
 .data          0x00403030        0x0 E:/CTOOLS/mingw32/bin/../lib/gcc/i686-w64-mingw32/9.2.0/../../../../i686-w64-mingw32/lib/../lib/libkernel32.a(dgdkbs00616.o)
 .data          0x00403030        0x0 E:/CTOOLS/mingw32/bin/../lib/gcc/i686-w64-mingw32/9.2.0/../../../../i686-w64-mingw32/lib/../lib/libkernel32.a(dgdkbs00547.o)
 .data          0x00403030        0x0 E:/CTOOLS/mingw32/bin/../lib/gcc/i686-w64-mingw32/9.2.0/../../../../i686-w64-mingw32/lib/../lib/libkernel32.a(dgdkbs00543.o)
 .data          0x00403030        0x0 E:/CTOOLS/mingw32/bin/../lib/gcc/i686-w64-mingw32/9.2.0/../../../../i686-w64-mingw32/lib/../lib/libkernel32.a(dgdkbs00542.o)
 .data          0x00403030        0x0 E:/CTOOLS/mingw32/bin/../lib/gcc/i686-w64-mingw32/9.2.0/../../../../i686-w64-mingw32/lib/../lib/libkernel32.a(dgdkbs00432.o)
 .data          0x00403030        0x0 E:/CTOOLS/mingw32/bin/../lib/gcc/i686-w64-mingw32/9.2.0/../../../../i686-w64-mingw32/lib/../lib/libkernel32.a(dgdkbs00309.o)
 .data          0x00403030        0x0 E:/CTOOLS/mingw32/bin/../lib/gcc/i686-w64-mingw32/9.2.0/../../../../i686-w64-mingw32/lib/../lib/libkernel32.a(dgdkbs00276.o)
 .data          0x00403030        0x0 E:/CTOOLS/mingw32/bin/../lib/gcc/i686-w64-mingw32/9.2.0/../../../../i686-w64-mingw32/lib/../lib/libkernel32.a(dgdkbh.o)
 .data          0x00403030        0x0 E:/CTOOLS/mingw32/bin/../lib/gcc/i686-w64-mingw32/9.2.0/../../../../i686-w64-mingw32/lib/../lib/libkernel32.a(dgdkbt.o)
 .data          0x00403030        0x0 E:/CTOOLS/mingw32/bin/../lib/gcc/i686-w64-mingw32/9.2.0/crtend.o
 *(.data2)
 *(SORT_BY_NAME(.data$*))
 .data$__security_cookie
                0x00403030        0x4 E:/CTOOLS/mingw32/bin/../lib/gcc/i686-w64-mingw32/9.2.0/../../../../i686-w64-mingw32/lib/../lib/libmingw32.a(lib32_libmingw32_a-gs_support.o)
                0x00403030                __security_cookie
 .data$__security_cookie_complement
                0x00403034        0x4 E:/CTOOLS/mingw32/bin/../lib/gcc/i686-w64-mingw32/9.2.0/../../../../i686-w64-mingw32/lib/../lib/libmingw32.a(lib32_libmingw32_a-gs_support.o)
                0x00403034                __security_cookie_complement
 *(.jcr)
                0x00403038                __data_end__ = .
 *(.data_cygwin_nocopy)

.rdata          0x00404000      0x800
 *(.rdata)
 .rdata         0x00404000       0x44 E:/CTOOLS/mingw32/bin/../lib/gcc/i686-w64-mingw32/9.2.0/crtbegin.o
 .rdata         0x00404044        0x8 E:/CTOOLS/mingw32/bin/../lib/gcc/i686-w64-mingw32/9.2.0/../../../../i686-w64-mingw32/lib/../lib/libmingw32.a(lib32_libmingw32_a-gs_support.o)
 .rdata         0x0040404c       0x1c E:/CTOOLS/mingw32/bin/../lib/gcc/i686-w64-mingw32/9.2.0/../../../../i686-w64-mingw32/lib/../lib/libmingw32.a(lib32_libmingw32_a-tlssup.o)
                0x0040404c                __dyn_tls_init_callback
                0x00404050                _tls_used
 .rdata         0x00404068      0x134 E:/CTOOLS/mingw32/bin/../lib/gcc/i686-w64-mingw32/9.2.0/../../../../i686-w64-mingw32/lib/../lib/libmingw32.a(lib32_libmingw32_a-merr.o)
 .rdata         0x0040419c       0xf8 E:/CTOOLS/mingw32/bin/../lib/gcc/i686-w64-mingw32/9.2.0/../../../../i686-w64-mingw32/lib/../lib/libmingw32.a(lib32_libmingw32_a-pseudo-reloc.o)
 *(SORT_BY_NAME(.rdata$*))
 .rdata$zzz     0x00404294       0x2c E:/CTOOLS/mingw32/bin/../lib/gcc/i686-w64-mingw32/9.2.0/../../../../i686-w64-mingw32/lib/../lib/crt2.o
 .rdata$zzz     0x004042c0       0x2c E:/CTOOLS/mingw32/bin/../lib/gcc/i686-w64-mingw32/9.2.0/crtbegin.o
 .rdata$zzz     0x004042ec       0x2c E:/CTOOLS/mingw32/bin/../lib/gcc/i686-w64-mingw32/9.2.0/../../../../i686-w64-mingw32/lib/../lib/libmingw32.a(lib32_libmingw32_a-crt0_c.o)
 .rdata$zzz     0x00404318       0x2c E:/CTOOLS/mingw32/bin/../lib/gcc/i686-w64-mingw32/9.2.0/../../../../i686-w64-mingw32/lib/../lib/libmingw32.a(lib32_libmingw32_a-gccmain.o)
 .rdata$zzz     0x00404344       0x2c E:/CTOOLS/mingw32/bin/../lib/gcc/i686-w64-mingw32/9.2.0/../../../../i686-w64-mingw32/lib/../lib/libmingw32.a(lib32_libmingw32_a-natstart.o)
 .rdata$zzz     0x00404370       0x2c E:/CTOOLS/mingw32/bin/../lib/gcc/i686-w64-mingw32/9.2.0/../../../../i686-w64-mingw32/lib/../lib/libmingw32.a(lib32_libmingw32_a-wildcard.o)
 .rdata$zzz     0x0040439c       0x2c E:/CTOOLS/mingw32/bin/../lib/gcc/i686-w64-mingw32/9.2.0/../../../../i686-w64-mingw32/lib/../lib/libmingw32.a(lib32_libmingw32_a-charmax.o)
 .rdata$zzz     0x004043c8       0x2c E:/CTOOLS/mingw32/bin/../lib/gcc/i686-w64-mingw32/9.2.0/../../../../i686-w64-mingw32/lib/../lib/libmingw32.a(lib32_libmingw32_a-dllargv.o)
 .rdata$zzz     0x004043f4       0x2c E:/CTOOLS/mingw32/bin/../lib/gcc/i686-w64-mingw32/9.2.0/../../../../i686-w64-mingw32/lib/../lib/libmingw32.a(lib32_libmingw32_a-gs_support.o)
 .rdata$zzz     0x00404420       0x2c E:/CTOOLS/mingw32/bin/../lib/gcc/i686-w64-mingw32/9.2.0/../../../../i686-w64-mingw32/lib/../lib/libmingw32.a(lib32_libmingw32_a-_newmode.o)
 .rdata$zzz     0x0040444c       0x2c E:/CTOOLS/mingw32/bin/../lib/gcc/i686-w64-mingw32/9.2.0/../../../../i686-w64-mingw32/lib/../lib/libmingw32.a(lib32_libmingw32_a-tlssup.o)
 .rdata$zzz     0x00404478       0x2c E:/CTOOLS/mingw32/bin/../lib/gcc/i686-w64-mingw32/9.2.0/../../../../i686-w64-mingw32/lib/../lib/libmingw32.a(lib32_libmingw32_a-cinitexe.o)
 .rdata$zzz     0x004044a4       0x2c E:/CTOOLS/mingw32/bin/../lib/gcc/i686-w64-mingw32/9.2.0/../../../../i686-w64-mingw32/lib/../lib/libmingw32.a(lib32_libmingw32_a-merr.o)
 .rdata$zzz     0x004044d0       0x2c E:/CTOOLS/mingw32/bin/../lib/gcc/i686-w64-mingw32/9.2.0/../../../../i686-w64-mingw32/lib/../lib/libmingw32.a(lib32_libmingw32_a-CRT_fp10.o)
 .rdata$zzz     0x004044fc       0x2c E:/CTOOLS/mingw32/bin/../lib/gcc/i686-w64-mingw32/9.2.0/../../../../i686-w64-mingw32/lib/../lib/libmingw32.a(lib32_libmingw32_a-mingw_helpers.o)
 .rdata$zzz     0x00404528       0x2c E:/CTOOLS/mingw32/bin/../lib/gcc/i686-w64-mingw32/9.2.0/../../../../i686-w64-mingw32/lib/../lib/libmingw32.a(lib32_libmingw32_a-pseudo-reloc.o)
 .rdata$zzz     0x00404554       0x2c E:/CTOOLS/mingw32/bin/../lib/gcc/i686-w64-mingw32/9.2.0/../../../../i686-w64-mingw32/lib/../lib/libmingw32.a(lib32_libmingw32_a-usermatherr.o)
 .rdata$zzz     0x00404580       0x2c E:/CTOOLS/mingw32/bin/../lib/gcc/i686-w64-mingw32/9.2.0/../../../../i686-w64-mingw32/lib/../lib/libmingw32.a(lib32_libmingw32_a-xtxtmode.o)
 .rdata$zzz     0x004045ac       0x2c E:/CTOOLS/mingw32/bin/../lib/gcc/i686-w64-mingw32/9.2.0/../../../../i686-w64-mingw32/lib/../lib/libmingw32.a(lib32_libmingw32_a-crt_handler.o)
 .rdata$zzz     0x004045d8       0x2c E:/CTOOLS/mingw32/bin/../lib/gcc/i686-w64-mingw32/9.2.0/../../../../i686-w64-mingw32/lib/../lib/libmingw32.a(lib32_libmingw32_a-tlsthrd.o)
 .rdata$zzz     0x00404604       0x2c E:/CTOOLS/mingw32/bin/../lib/gcc/i686-w64-mingw32/9.2.0/../../../../i686-w64-mingw32/lib/../lib/libmingw32.a(lib32_libmingw32_a-tlsmcrt.o)
 .rdata$zzz     0x00404630       0x2c E:/CTOOLS/mingw32/bin/../lib/gcc/i686-w64-mingw32/9.2.0/../../../../i686-w64-mingw32/lib/../lib/libmingw32.a(lib32_libmingw32_a-pseudo-reloc-list.o)
 .rdata$zzz     0x0040465c       0x2c E:/CTOOLS/mingw32/bin/../lib/gcc/i686-w64-mingw32/9.2.0/../../../../i686-w64-mingw32/lib/../lib/libmingw32.a(lib32_libmingw32_a-pesect.o)
 .rdata$zzz     0x00404688       0x2c E:/CTOOLS/mingw32/bin/../lib/gcc/i686-w64-mingw32/9.2.0/libgcc.a(_ctors.o)
 .rdata$zzz     0x004046b4       0x2c E:/CTOOLS/mingw32/bin/../lib/gcc/i686-w64-mingw32/9.2.0/../../../../i686-w64-mingw32/lib/../lib/libmingwex.a(lib32_libmingwex_a-mingw_matherr.o)
 .rdata$zzz     0x004046e0       0x2c E:/CTOOLS/mingw32/bin/../lib/gcc/i686-w64-mingw32/9.2.0/../../../../i686-w64-mingw32/lib/../lib/libmsvcrt.a(lib32_libmsvcrt_os_a-acrt_iob_func.o)
 .rdata$zzz     0x0040470c       0x2c E:/CTOOLS/mingw32/bin/../lib/gcc/i686-w64-mingw32/9.2.0/../../../../i686-w64-mingw32/lib/../lib/libmsvcrt.a(lib32_libmsvcrt_os_a-invalid_parameter_handler.o)
 .rdata$zzz     0x00404738       0x2c E:/CTOOLS/mingw32/bin/../lib/gcc/i686-w64-mingw32/9.2.0/crtend.o
                0x00404764                . = ALIGN (0x4)
                0x00404764                __rt_psrelocs_start = .
 *(.rdata_runtime_pseudo_reloc)
                0x00404764                __rt_psrelocs_end = .
                0x00000000                __rt_psrelocs_size = (__rt_psrelocs_end - __rt_psrelocs_start)
                0x00404764                ___RUNTIME_PSEUDO_RELOC_LIST_END__ = .
                0x00404764                __RUNTIME_PSEUDO_RELOC_LIST_END__ = .
                0x00404764                ___RUNTIME_PSEUDO_RELOC_LIST__ = (. - __rt_psrelocs_size)
                0x00404764                __RUNTIME_PSEUDO_RELOC_LIST__ = (. - __rt_psrelocs_size)

.eh_frame       0x00405000      0xa00
 *(.eh_frame*)
 .eh_frame      0x00405000      0x10c E:/CTOOLS/mingw32/bin/../lib/gcc/i686-w64-mingw32/9.2.0/../../../../i686-w64-mingw32/lib/../lib/crt2.o
 .eh_frame      0x0040510c       0x68 E:/CTOOLS/mingw32/bin/../lib/gcc/i686-w64-mingw32/9.2.0/crtbegin.o
 .eh_frame      0x00405174       0x44 E:/CTOOLS/mingw32/bin/../lib/gcc/i686-w64-mingw32/9.2.0/../../../../i686-w64-mingw32/lib/../lib/libmingw32.a(lib32_libmingw32_a-crt0_c.o)
 .eh_frame      0x004051b8       0x68 E:/CTOOLS/mingw32/bin/../lib/gcc/i686-w64-mingw32/9.2.0/../../../../i686-w64-mingw32/lib/../lib/libmingw32.a(lib32_libmingw32_a-gccmain.o)
 .eh_frame      0x00405220       0x2c E:/CTOOLS/mingw32/bin/../lib/gcc/i686-w64-mingw32/9.2.0/../../../../i686-w64-mingw32/lib/../lib/libmingw32.a(lib32_libmingw32_a-charmax.o)
 .eh_frame      0x0040524c       0x2c E:/CTOOLS/mingw32/bin/../lib/gcc/i686-w64-mingw32/9.2.0/../../../../i686-w64-mingw32/lib/../lib/libmingw32.a(lib32_libmingw32_a-dllargv.o)
 .eh_frame      0x00405278       0x94 E:/CTOOLS/mingw32/bin/../lib/gcc/i686-w64-mingw32/9.2.0/../../../../i686-w64-mingw32/lib/../lib/libmingw32.a(lib32_libmingw32_a-gs_support.o)
 .eh_frame      0x0040530c       0x94 E:/CTOOLS/mingw32/bin/../lib/gcc/i686-w64-mingw32/9.2.0/../../../../i686-w64-mingw32/lib/../lib/libmingw32.a(lib32_libmingw32_a-tlssup.o)
 .eh_frame      0x004053a0       0x44 E:/CTOOLS/mingw32/bin/../lib/gcc/i686-w64-mingw32/9.2.0/../../../../i686-w64-mingw32/lib/../lib/libmingw32.a(lib32_libmingw32_a-merr.o)
 .eh_frame      0x004053e4       0x2c E:/CTOOLS/mingw32/bin/../lib/gcc/i686-w64-mingw32/9.2.0/../../../../i686-w64-mingw32/lib/../lib/libmingw32.a(lib32_libmingw32_a-CRT_fp10.o)
 .eh_frame      0x00405410       0xb8 E:/CTOOLS/mingw32/bin/../lib/gcc/i686-w64-mingw32/9.2.0/../../../../i686-w64-mingw32/lib/../lib/libmingw32.a(lib32_libmingw32_a-pseudo-reloc.o)
 .eh_frame      0x004054c8       0x44 E:/CTOOLS/mingw32/bin/../lib/gcc/i686-w64-mingw32/9.2.0/../../../../i686-w64-mingw32/lib/../lib/libmingw32.a(lib32_libmingw32_a-usermatherr.o)
 .eh_frame      0x0040550c       0x48 E:/CTOOLS/mingw32/bin/../lib/gcc/i686-w64-mingw32/9.2.0/../../../../i686-w64-mingw32/lib/../lib/libmingw32.a(lib32_libmingw32_a-crt_handler.o)
 .eh_frame      0x00405554      0x10c E:/CTOOLS/mingw32/bin/../lib/gcc/i686-w64-mingw32/9.2.0/../../../../i686-w64-mingw32/lib/../lib/libmingw32.a(lib32_libmingw32_a-tlsthrd.o)
 .eh_frame      0x00405660      0x190 E:/CTOOLS/mingw32/bin/../lib/gcc/i686-w64-mingw32/9.2.0/../../../../i686-w64-mingw32/lib/../lib/libmingw32.a(lib32_libmingw32_a-pesect.o)
 .eh_frame      0x004057f0       0x2c E:/CTOOLS/mingw32/bin/../lib/gcc/i686-w64-mingw32/9.2.0/../../../../i686-w64-mingw32/lib/../lib/libmsvcrt.a(lib32_libmsvcrt_os_a-acrt_iob_func.o)
 .eh_frame      0x0040581c       0x40 E:/CTOOLS/mingw32/bin/../lib/gcc/i686-w64-mingw32/9.2.0/../../../../i686-w64-mingw32/lib/../lib/libmsvcrt.a(lib32_libmsvcrt_os_a-invalid_parameter_handler.o)
 .eh_frame      0x0040585c       0x30 E:/CTOOLS/mingw32/bin/../lib/gcc/i686-w64-mingw32/9.2.0/crtend.o

.pdata
 *(.pdata*)

.bss            0x00406000      0x3ec
                0x00406000                __bss_start__ = .
 *(.bss)
 .bss           0x00406000       0x20 E:/CTOOLS/mingw32/bin/../lib/gcc/i686-w64-mingw32/9.2.0/../../../../i686-w64-mingw32/lib/../lib/crt2.o
                0x00406000                __mingw_module_is_dll
 .bss           0x00406020       0x18 E:/CTOOLS/mingw32/bin/../lib/gcc/i686-w64-mingw32/9.2.0/crtbegin.o
 .bss           0x00406038        0x0 E:/CTOOLS/mingw32/bin/../lib/gcc/i686-w64-mingw32/9.2.0/../../../../i686-w64-mingw32/lib/../lib/libmingw32.a(lib32_libmingw32_a-crt0_c.o)
 .bss           0x00406038        0x4 E:/CTOOLS/mingw32/bin/../lib/gcc/i686-w64-mingw32/9.2.0/../../../../i686-w64-mingw32/lib/../lib/libmingw32.a(lib32_libmingw32_a-gccmain.o)
 .bss           0x0040603c        0x0 E:/CTOOLS/mingw32/bin/../lib/gcc/i686-w64-mingw32/9.2.0/../../../../i686-w64-mingw32/lib/../lib/libmingw32.a(lib32_libmingw32_a-natstart.o)
 .bss           0x0040603c        0x0 E:/CTOOLS/mingw32/bin/../lib/gcc/i686-w64-mingw32/9.2.0/../../../../i686-w64-mingw32/lib/../lib/libmingw32.a(lib32_libmingw32_a-wildcard.o)
 .bss           0x0040603c        0x4 E:/CTOOLS/mingw32/bin/../lib/gcc/i686-w64-mingw32/9.2.0/../../../../i686-w64-mingw32/lib/../lib/libmingw32.a(lib32_libmingw32_a-charmax.o)
                0x0040603c                mingw_initcharmax
 .bss           0x00406040        0x0 E:/CTOOLS/mingw32/bin/../lib/gcc/i686-w64-mingw32/9.2.0/../../../../i686-w64-mingw32/lib/../lib/libmingw32.a(lib32_libmingw32_a-dllargv.o)
 .bss           0x00406040      0x340 E:/CTOOLS/mingw32/bin/../lib/gcc/i686-w64-mingw32/9.2.0/../../../../i686-w64-mingw32/lib/../lib/libmingw32.a(lib32_libmingw32_a-gs_support.o)
 .bss           0x00406380        0x4 E:/CTOOLS/mingw32/bin/../lib/gcc/i686-w64-mingw32/9.2.0/../../../../i686-w64-mingw32/lib/../lib/libmingw32.a(lib32_libmingw32_a-_newmode.o)
                0x00406380                _newmode
 .bss           0x00406384       0x10 E:/CTOOLS/mingw32/bin/../lib/gcc/i686-w64-mingw32/9.2.0/../../../../i686-w64-mingw32/lib/../lib/libmingw32.a(lib32_libmingw32_a-tlssup.o)
                0x00406384                mingw_initltssuo_force
                0x00406388                mingw_initltsdyn_force
                0x0040638c                mingw_initltsdrot_force
                0x00406390                _tls_index
 .bss           0x00406394        0x0 E:/CTOOLS/mingw32/bin/../lib/gcc/i686-w64-mingw32/9.2.0/../../../../i686-w64-mingw32/lib/../lib/libmingw32.a(lib32_libmingw32_a-cinitexe.o)
 .bss           0x00406394        0x0 E:/CTOOLS/mingw32/bin/../lib/gcc/i686-w64-mingw32/9.2.0/../../../../i686-w64-mingw32/lib/../lib/libmingw32.a(lib32_libmingw32_a-merr.o)
 .bss           0x00406394        0x0 E:/CTOOLS/mingw32/bin/../lib/gcc/i686-w64-mingw32/9.2.0/../../../../i686-w64-mingw32/lib/../lib/libmingw32.a(lib32_libmingw32_a-CRT_fp10.o)
 .bss           0x00406394        0x4 E:/CTOOLS/mingw32/bin/../lib/gcc/i686-w64-mingw32/9.2.0/../../../../i686-w64-mingw32/lib/../lib/libmingw32.a(lib32_libmingw32_a-mingw_helpers.o)
                0x00406394                mingw_app_type
 .bss           0x00406398        0xc E:/CTOOLS/mingw32/bin/../lib/gcc/i686-w64-mingw32/9.2.0/../../../../i686-w64-mingw32/lib/../lib/libmingw32.a(lib32_libmingw32_a-pseudo-reloc.o)
 .bss           0x004063a4        0x4 E:/CTOOLS/mingw32/bin/../lib/gcc/i686-w64-mingw32/9.2.0/../../../../i686-w64-mingw32/lib/../lib/libmingw32.a(lib32_libmingw32_a-usermatherr.o)
 .bss           0x004063a8        0x4 E:/CTOOLS/mingw32/bin/../lib/gcc/i686-w64-mingw32/9.2.0/../../../../i686-w64-mingw32/lib/../lib/libmingw32.a(lib32_libmingw32_a-xtxtmode.o)
                0x004063a8                _fmode
 .bss           0x004063ac        0x4 E:/CTOOLS/mingw32/bin/../lib/gcc/i686-w64-mingw32/9.2.0/../../../../i686-w64-mingw32/lib/../lib/libmingw32.a(lib32_libmingw32_a-crt_handler.o)
                0x004063ac                __mingw_oldexcpt_handler
 .bss           0x004063b0       0x20 E:/CTOOLS/mingw32/bin/../lib/gcc/i686-w64-mingw32/9.2.0/../../../../i686-w64-mingw32/lib/../lib/libmingw32.a(lib32_libmingw32_a-tlsthrd.o)
 .bss           0x004063d0        0x0 E:/CTOOLS/mingw32/bin/../lib/gcc/i686-w64-mingw32/9.2.0/../../../../i686-w64-mingw32/lib/../lib/libmingw32.a(lib32_libmingw32_a-tlsmcrt.o)
 .bss           0x004063d0        0x4 E:/CTOOLS/mingw32/bin/../lib/gcc/i686-w64-mingw32/9.2.0/../../../../i686-w64-mingw32/lib/../lib/libmingw32.a(lib32_libmingw32_a-pseudo-reloc-list.o)
 .bss           0x004063d4        0x0 E:/CTOOLS/mingw32/bin/../lib/gcc/i686-w64-mingw32/9.2.0/../../../../i686-w64-mingw32/lib/../lib/libmingw32.a(lib32_libmingw32_a-pesect.o)
 .bss           0x004063d4        0x0 E:/CTOOLS/mingw32/bin/../lib/gcc/i686-w64-mingw32/9.2.0/libgcc.a(_chkstk_ms.o)
 .bss           0x004063d4        0x0 E:/CTOOLS/mingw32/bin/../lib/gcc/i686-w64-mingw32/9.2.0/libgcc.a(_ctors.o)
 .bss           0x004063d4        0x0 E:/CTOOLS/mingw32/bin/../lib/gcc/i686-w64-mingw32/9.2.0/../../../../i686-w64-mingw32/lib/../lib/libmingwex.a(lib32_libmingwex_a-mingw_matherr.o)
 .bss           0x004063d4        0x0 E:/CTOOLS/mingw32/bin/../lib/gcc/i686-w64-mingw32/9.2.0/../../../../i686-w64-mingw32/lib/../lib/libmsvcrt.a(dgjads01257.o)
 .bss           0x004063d4        0x0 E:/CTOOLS/mingw32/bin/../lib/gcc/i686-w64-mingw32/9.2.0/../../../../i686-w64-mingw32/lib/../lib/libmsvcrt.a(dgjads01224.o)
 .bss           0x004063d4        0x0 E:/CTOOLS/mingw32/bin/../lib/gcc/i686-w64-mingw32/9.2.0/../../../../i686-w64-mingw32/lib/../lib/libmsvcrt.a(dgjads01221.o)
 .bss           0x004063d4        0x0 E:/CTOOLS/mingw32/bin/../lib/gcc/i686-w64-mingw32/9.2.0/../../../../i686-w64-mingw32/lib/../lib/libmsvcrt.a(dgjads01203.o)
 .bss           0x004063d4        0x0 E:/CTOOLS/mingw32/bin/../lib/gcc/i686-w64-mingw32/9.2.0/../../../../i686-w64-mingw32/lib/../lib/libmsvcrt.a(dgjads01177.o)
 .bss           0x004063d4        0x0 E:/CTOOLS/mingw32/bin/../lib/gcc/i686-w64-mingw32/9.2.0/../../../../i686-w64-mingw32/lib/../lib/libmsvcrt.a(dgjads01167.o)
 .bss           0x004063d4        0x0 E:/CTOOLS/mingw32/bin/../lib/gcc/i686-w64-mingw32/9.2.0/../../../../i686-w64-mingw32/lib/../lib/libmsvcrt.a(dgjads01120.o)
 .bss           0x004063d4        0x0 E:/CTOOLS/mingw32/bin/../lib/gcc/i686-w64-mingw32/9.2.0/../../../../i686-w64-mingw32/lib/../lib/libmsvcrt.a(dgjads01110.o)
 .bss           0x004063d4        0x0 E:/CTOOLS/mingw32/bin/../lib/gcc/i686-w64-mingw32/9.2.0/../../../../i686-w64-mingw32/lib/../lib/libmsvcrt.a(dgjads01101.o)
 .bss           0x004063d4        0x0 E:/CTOOLS/mingw32/bin/../lib/gcc/i686-w64-mingw32/9.2.0/../../../../i686-w64-mingw32/lib/../lib/libmsvcrt.a(dgjads01085.o)
 .bss           0x004063d4        0x0 E:/CTOOLS/mingw32/bin/../lib/gcc/i686-w64-mingw32/9.2.0/../../../../i686-w64-mingw32/lib/../lib/libmsvcrt.a(dgjads01076.o)
 .bss           0x004063d4        0x0 E:/CTOOLS/mingw32/bin/../lib/gcc/i686-w64-mingw32/9.2.0/../../../../i686-w64-mingw32/lib/../lib/libmsvcrt.a(dgjads01059.o)
 .bss           0x004063d4        0x0 E:/CTOOLS/mingw32/bin/../lib/gcc/i686-w64-mingw32/9.2.0/../../../../i686-w64-mingw32/lib/../lib/libmsvcrt.a(dgjads00629.o)
 .bss           0x004063d4        0x0 E:/CTOOLS/mingw32/bin/../lib/gcc/i686-w64-mingw32/9.2.0/../../../../i686-w64-mingw32/lib/../lib/libmsvcrt.a(dgjads00352.o)
 .bss           0x004063d4        0x0 E:/CTOOLS/mingw32/bin/../lib/gcc/i686-w64-mingw32/9.2.0/../../../../i686-w64-mingw32/lib/../lib/libmsvcrt.a(dgjads00160.o)
 .bss           0x004063d4        0x0 E:/CTOOLS/mingw32/bin/../lib/gcc/i686-w64-mingw32/9.2.0/../../../../i686-w64-mingw32/lib/../lib/libmsvcrt.a(dgjads00143.o)
 .bss           0x004063d4        0x0 E:/CTOOLS/mingw32/bin/../lib/gcc/i686-w64-mingw32/9.2.0/../../../../i686-w64-mingw32/lib/../lib/libmsvcrt.a(dgjads00106.o)
 .bss           0x004063d4        0x0 E:/CTOOLS/mingw32/bin/../lib/gcc/i686-w64-mingw32/9.2.0/../../../../i686-w64-mingw32/lib/../lib/libmsvcrt.a(dgjads00103.o)
 .bss           0x004063d4        0x0 E:/CTOOLS/mingw32/bin/../lib/gcc/i686-w64-mingw32/9.2.0/../../../../i686-w64-mingw32/lib/../lib/libmsvcrt.a(dgjads00082.o)
 .bss           0x004063d4        0x0 E:/CTOOLS/mingw32/bin/../lib/gcc/i686-w64-mingw32/9.2.0/../../../../i686-w64-mingw32/lib/../lib/libmsvcrt.a(dgjads00075.o)
 .bss           0x004063d4        0x0 E:/CTOOLS/mingw32/bin/../lib/gcc/i686-w64-mingw32/9.2.0/../../../../i686-w64-mingw32/lib/../lib/libmsvcrt.a(dgjads00067.o)
 .bss           0x004063d4        0x0 E:/CTOOLS/mingw32/bin/../lib/gcc/i686-w64-mingw32/9.2.0/../../../../i686-w64-mingw32/lib/../lib/libmsvcrt.a(dgjads00058.o)
 .bss           0x004063d4        0x0 E:/CTOOLS/mingw32/bin/../lib/gcc/i686-w64-mingw32/9.2.0/../../../../i686-w64-mingw32/lib/../lib/libmsvcrt.a(dgjads00057.o)
 .bss           0x004063d4        0x0 E:/CTOOLS/mingw32/bin/../lib/gcc/i686-w64-mingw32/9.2.0/../../../../i686-w64-mingw32/lib/../lib/libmsvcrt.a(lib32_libmsvcrt_os_a-acrt_iob_func.o)
 .bss           0x004063d4        0x4 E:/CTOOLS/mingw32/bin/../lib/gcc/i686-w64-mingw32/9.2.0/../../../../i686-w64-mingw32/lib/../lib/libmsvcrt.a(lib32_libmsvcrt_os_a-invalid_parameter_handler.o)
 .bss           0x004063d8        0x0 E:/CTOOLS/mingw32/bin/../lib/gcc/i686-w64-mingw32/9.2.0/../../../../i686-w64-mingw32/lib/../lib/libmsvcrt.a(dgjadh.o)
 .bss           0x004063d8        0x0 E:/CTOOLS/mingw32/bin/../lib/gcc/i686-w64-mingw32/9.2.0/../../../../i686-w64-mingw32/lib/../lib/libmsvcrt.a(dgjads00356.o)
 .bss           0x004063d8        0x0 E:/CTOOLS/mingw32/bin/../lib/gcc/i686-w64-mingw32/9.2.0/../../../../i686-w64-mingw32/lib/../lib/libmsvcrt.a(dgjadt.o)
 .bss           0x004063d8        0x0 E:/CTOOLS/mingw32/bin/../lib/gcc/i686-w64-mingw32/9.2.0/../../../../i686-w64-mingw32/lib/../lib/libkernel32.a(dgdkbs01471.o)
 .bss           0x004063d8        0x0 E:/CTOOLS/mingw32/bin/../lib/gcc/i686-w64-mingw32/9.2.0/../../../../i686-w64-mingw32/lib/../lib/libkernel32.a(dgdkbs01468.o)
 .bss           0x004063d8        0x0 E:/CTOOLS/mingw32/bin/../lib/gcc/i686-w64-mingw32/9.2.0/../../../../i686-w64-mingw32/lib/../lib/libkernel32.a(dgdkbs01434.o)
 .bss           0x004063d8        0x0 E:/CTOOLS/mingw32/bin/../lib/gcc/i686-w64-mingw32/9.2.0/../../../../i686-w64-mingw32/lib/../lib/libkernel32.a(dgdkbs01420.o)
 .bss           0x004063d8        0x0 E:/CTOOLS/mingw32/bin/../lib/gcc/i686-w64-mingw32/9.2.0/../../../../i686-w64-mingw32/lib/../lib/libkernel32.a(dgdkbs01400.o)
 .bss           0x004063d8        0x0 E:/CTOOLS/mingw32/bin/../lib/gcc/i686-w64-mingw32/9.2.0/../../../../i686-w64-mingw32/lib/../lib/libkernel32.a(dgdkbs01385.o)
 .bss           0x004063d8        0x0 E:/CTOOLS/mingw32/bin/../lib/gcc/i686-w64-mingw32/9.2.0/../../../../i686-w64-mingw32/lib/../lib/libkernel32.a(dgdkbs01369.o)
 .bss           0x004063d8        0x0 E:/CTOOLS/mingw32/bin/../lib/gcc/i686-w64-mingw32/9.2.0/../../../../i686-w64-mingw32/lib/../lib/libkernel32.a(dgdkbs01117.o)
 .bss           0x004063d8        0x0 E:/CTOOLS/mingw32/bin/../lib/gcc/i686-w64-mingw32/9.2.0/../../../../i686-w64-mingw32/lib/../lib/libkernel32.a(dgdkbs00976.o)
 .bss           0x004063d8        0x0 E:/CTOOLS/mingw32/bin/../lib/gcc/i686-w64-mingw32/9.2.0/../../../../i686-w64-mingw32/lib/../lib/libkernel32.a(dgdkbs00972.o)
 .bss           0x004063d8        0x0 E:/CTOOLS/mingw32/bin/../lib/gcc/i686-w64-mingw32/9.2.0/../../../../i686-w64-mingw32/lib/../lib/libkernel32.a(dgdkbs00876.o)
 .bss           0x004063d8        0x0 E:/CTOOLS/mingw32/bin/../lib/gcc/i686-w64-mingw32/9.2.0/../../../../i686-w64-mingw32/lib/../lib/libkernel32.a(dgdkbs00785.o)
 .bss           0x004063d8        0x0 E:/CTOOLS/mingw32/bin/../lib/gcc/i686-w64-mingw32/9.2.0/../../../../i686-w64-mingw32/lib/../lib/libkernel32.a(dgdkbs00754.o)
 .bss           0x004063d8        0x0 E:/CTOOLS/mingw32/bin/../lib/gcc/i686-w64-mingw32/9.2.0/../../../../i686-w64-mingw32/lib/../lib/libkernel32.a(dgdkbs00728.o)
 .bss           0x004063d8        0x0 E:/CTOOLS/mingw32/bin/../lib/gcc/i686-w64-mingw32/9.2.0/../../../../i686-w64-mingw32/lib/../lib/libkernel32.a(dgdkbs00693.o)
 .bss           0x004063d8        0x0 E:/CTOOLS/mingw32/bin/../lib/gcc/i686-w64-mingw32/9.2.0/../../../../i686-w64-mingw32/lib/../lib/libkernel32.a(dgdkbs00636.o)
 .bss           0x004063d8        0x0 E:/CTOOLS/mingw32/bin/../lib/gcc/i686-w64-mingw32/9.2.0/../../../../i686-w64-mingw32/lib/../lib/libkernel32.a(dgdkbs00616.o)
 .bss           0x004063d8        0x0 E:/CTOOLS/mingw32/bin/../lib/gcc/i686-w64-mingw32/9.2.0/../../../../i686-w64-mingw32/lib/../lib/libkernel32.a(dgdkbs00547.o)
 .bss           0x004063d8        0x0 E:/CTOOLS/mingw32/bin/../lib/gcc/i686-w64-mingw32/9.2.0/../../../../i686-w64-mingw32/lib/../lib/libkernel32.a(dgdkbs00543.o)
 .bss           0x004063d8        0x0 E:/CTOOLS/mingw32/bin/../lib/gcc/i686-w64-mingw32/9.2.0/../../../../i686-w64-mingw32/lib/../lib/libkernel32.a(dgdkbs00542.o)
 .bss           0x004063d8        0x0 E:/CTOOLS/mingw32/bin/../lib/gcc/i686-w64-mingw32/9.2.0/../../../../i686-w64-mingw32/lib/../lib/libkernel32.a(dgdkbs00432.o)
 .bss           0x004063d8        0x0 E:/CTOOLS/mingw32/bin/../lib/gcc/i686-w64-mingw32/9.2.0/../../../../i686-w64-mingw32/lib/../lib/libkernel32.a(dgdkbs00309.o)
 .bss           0x004063d8        0x0 E:/CTOOLS/mingw32/bin/../lib/gcc/i686-w64-mingw32/9.2.0/../../../../i686-w64-mingw32/lib/../lib/libkernel32.a(dgdkbs00276.o)
 .bss           0x004063d8        0x0 E:/CTOOLS/mingw32/bin/../lib/gcc/i686-w64-mingw32/9.2.0/../../../../i686-w64-mingw32/lib/../lib/libkernel32.a(dgdkbh.o)
 .bss           0x004063d8        0x0 E:/CTOOLS/mingw32/bin/../lib/gcc/i686-w64-mingw32/9.2.0/../../../../i686-w64-mingw32/lib/../lib/libkernel32.a(dgdkbt.o)
 .bss           0x004063d8        0x0 E:/CTOOLS/mingw32/bin/../lib/gcc/i686-w64-mingw32/9.2.0/crtend.o
 *(COMMON)
 COMMON         0x004063d8        0x8 E:/CTOOLS/mingw32/bin/../lib/gcc/i686-w64-mingw32/9.2.0/../../../../i686-w64-mingw32/lib/../lib/crt2.o
                0x004063d8                __mingw_winmain_lpCmdLine
                0x004063dc                __mingw_winmain_hInstance
 COMMON         0x004063e0        0x4 E:/CTOOLS/mingw32/bin/../lib/gcc/i686-w64-mingw32/9.2.0/crtbegin.o
                0x004063e0                hmod_libgcc
 COMMON         0x004063e4        0x8 E:/CTOOLS/mingw32/bin/../lib/gcc/i686-w64-mingw32/9.2.0/../../../../i686-w64-mingw32/lib/../lib/libmingw32.a(lib32_libmingw32_a-natstart.o)
                0x004063e4                __native_startup_lock
                0x004063e8                __native_startup_state
 COMMON         0x004063ec        0x0 E:/CTOOLS/mingw32/bin/../lib/gcc/i686-w64-mingw32/9.2.0/libgcc.a(_ctors.o)
                0x004063ec                __bss_end__ = .

.edata
 *(.edata)

/DISCARD/
 *(.debug$S)
 *(.debug$T)
 *(.debug$F)
 *(.drectve)
 *(.note.GNU-stack)
 *(.gnu.lto_*)

.idata          0x00407000      0x600
 SORT_BY_NAME(*)(.idata$2)
 .idata$2       0x00407000       0x14 E:/CTOOLS/mingw32/bin/../lib/gcc/i686-w64-mingw32/9.2.0/../../../../i686-w64-mingw32/lib/../lib/libkernel32.a(dgdkbh.o)
                0x00407000                _head_lib32_libkernel32_a
 .idata$2       0x00407014       0x14 E:/CTOOLS/mingw32/bin/../lib/gcc/i686-w64-mingw32/9.2.0/../../../../i686-w64-mingw32/lib/../lib/libmsvcrt.a(dgjadh.o)
                0x00407014                _head_lib32_libmsvcrt_os_a
 SORT_BY_NAME(*)(.idata$3)
                0x00407028        0x4 LONG 0x0
                0x0040702c        0x4 LONG 0x0
                0x00407030        0x4 LONG 0x0
                0x00407034        0x4 LONG 0x0
                0x00407038        0x4 LONG 0x0
 SORT_BY_NAME(*)(.idata$4)
 .idata$4       0x0040703c        0x0 E:/CTOOLS/mingw32/bin/../lib/gcc/i686-w64-mingw32/9.2.0/../../../../i686-w64-mingw32/lib/../lib/libkernel32.a(dgdkbh.o)
 .idata$4       0x0040703c        0x4 E:/CTOOLS/mingw32/bin/../lib/gcc/i686-w64-mingw32/9.2.0/../../../../i686-w64-mingw32/lib/../lib/libkernel32.a(dgdkbs00276.o)
 .idata$4       0x00407040        0x4 E:/CTOOLS/mingw32/bin/../lib/gcc/i686-w64-mingw32/9.2.0/../../../../i686-w64-mingw32/lib/../lib/libkernel32.a(dgdkbs00309.o)
 .idata$4       0x00407044        0x4 E:/CTOOLS/mingw32/bin/../lib/gcc/i686-w64-mingw32/9.2.0/../../../../i686-w64-mingw32/lib/../lib/libkernel32.a(dgdkbs00432.o)
 .idata$4       0x00407048        0x4 E:/CTOOLS/mingw32/bin/../lib/gcc/i686-w64-mingw32/9.2.0/../../../../i686-w64-mingw32/lib/../lib/libkernel32.a(dgdkbs00542.o)
 .idata$4       0x0040704c        0x4 E:/CTOOLS/mingw32/bin/../lib/gcc/i686-w64-mingw32/9.2.0/../../../../i686-w64-mingw32/lib/../lib/libkernel32.a(dgdkbs00543.o)
 .idata$4       0x00407050        0x4 E:/CTOOLS/mingw32/bin/../lib/gcc/i686-w64-mingw32/9.2.0/../../../../i686-w64-mingw32/lib/../lib/libkernel32.a(dgdkbs00547.o)
 .idata$4       0x00407054        0x4 E:/CTOOLS/mingw32/bin/../lib/gcc/i686-w64-mingw32/9.2.0/../../../../i686-w64-mingw32/lib/../lib/libkernel32.a(dgdkbs00616.o)
 .idata$4       0x00407058        0x4 E:/CTOOLS/mingw32/bin/../lib/gcc/i686-w64-mingw32/9.2.0/../../../../i686-w64-mingw32/lib/../lib/libkernel32.a(dgdkbs00636.o)
 .idata$4       0x0040705c        0x4 E:/CTOOLS/mingw32/bin/../lib/gcc/i686-w64-mingw32/9.2.0/../../../../i686-w64-mingw32/lib/../lib/libkernel32.a(dgdkbs00693.o)
 .idata$4       0x00407060        0x4 E:/CTOOLS/mingw32/bin/../lib/gcc/i686-w64-mingw32/9.2.0/../../../../i686-w64-mingw32/lib/../lib/libkernel32.a(dgdkbs00728.o)
 .idata$4       0x00407064        0x4 E:/CTOOLS/mingw32/bin/../lib/gcc/i686-w64-mingw32/9.2.0/../../../../i686-w64-mingw32/lib/../lib/libkernel32.a(dgdkbs00754.o)
 .idata$4       0x00407068        0x4 E:/CTOOLS/mingw32/bin/../lib/gcc/i686-w64-mingw32/9.2.0/../../../../i686-w64-mingw32/lib/../lib/libkernel32.a(dgdkbs00785.o)
 .idata$4       0x0040706c        0x4 E:/CTOOLS/mingw32/bin/../lib/gcc/i686-w64-mingw32/9.2.0/../../../../i686-w64-mingw32/lib/../lib/libkernel32.a(dgdkbs00876.o)
 .idata$4       0x00407070        0x4 E:/CTOOLS/mingw32/bin/../lib/gcc/i686-w64-mingw32/9.2.0/../../../../i686-w64-mingw32/lib/../lib/libkernel32.a(dgdkbs00972.o)
 .idata$4       0x00407074        0x4 E:/CTOOLS/mingw32/bin/../lib/gcc/i686-w64-mingw32/9.2.0/../../../../i686-w64-mingw32/lib/../lib/libkernel32.a(dgdkbs00976.o)
 .idata$4       0x00407078        0x4 E:/CTOOLS/mingw32/bin/../lib/gcc/i686-w64-mingw32/9.2.0/../../../../i686-w64-mingw32/lib/../lib/libkernel32.a(dgdkbs01117.o)
 .idata$4       0x0040707c        0x4 E:/CTOOLS/mingw32/bin/../lib/gcc/i686-w64-mingw32/9.2.0/../../../../i686-w64-mingw32/lib/../lib/libkernel32.a(dgdkbs01369.o)
 .idata$4       0x00407080        0x4 E:/CTOOLS/mingw32/bin/../lib/gcc/i686-w64-mingw32/9.2.0/../../../../i686-w64-mingw32/lib/../lib/libkernel32.a(dgdkbs01385.o)
 .idata$4       0x00407084        0x4 E:/CTOOLS/mingw32/bin/../lib/gcc/i686-w64-mingw32/9.2.0/../../../../i686-w64-mingw32/lib/../lib/libkernel32.a(dgdkbs01400.o)
 .idata$4       0x00407088        0x4 E:/CTOOLS/mingw32/bin/../lib/gcc/i686-w64-mingw32/9.2.0/../../../../i686-w64-mingw32/lib/../lib/libkernel32.a(dgdkbs01420.o)
 .idata$4       0x0040708c        0x4 E:/CTOOLS/mingw32/bin/../lib/gcc/i686-w64-mingw32/9.2.0/../../../../i686-w64-mingw32/lib/../lib/libkernel32.a(dgdkbs01434.o)
 .idata$4       0x00407090        0x4 E:/CTOOLS/mingw32/bin/../lib/gcc/i686-w64-mingw32/9.2.0/../../../../i686-w64-mingw32/lib/../lib/libkernel32.a(dgdkbs01468.o)
 .idata$4       0x00407094        0x4 E:/CTOOLS/mingw32/bin/../lib/gcc/i686-w64-mingw32/9.2.0/../../../../i686-w64-mingw32/lib/../lib/libkernel32.a(dgdkbs01471.o)
 .idata$4       0x00407098        0x4 E:/CTOOLS/mingw32/bin/../lib/gcc/i686-w64-mingw32/9.2.0/../../../../i686-w64-mingw32/lib/../lib/libkernel32.a(dgdkbt.o)
 .idata$4       0x0040709c        0x0 E:/CTOOLS/mingw32/bin/../lib/gcc/i686-w64-mingw32/9.2.0/../../../../i686-w64-mingw32/lib/../lib/libmsvcrt.a(dgjadh.o)
 .idata$4       0x0040709c        0x4 E:/CTOOLS/mingw32/bin/../lib/gcc/i686-w64-mingw32/9.2.0/../../../../i686-w64-mingw32/lib/../lib/libmsvcrt.a(dgjads00057.o)
 .idata$4       0x004070a0        0x4 E:/CTOOLS/mingw32/bin/../lib/gcc/i686-w64-mingw32/9.2.0/../../../../i686-w64-mingw32/lib/../lib/libmsvcrt.a(dgjads00058.o)
 .idata$4       0x004070a4        0x4 E:/CTOOLS/mingw32/bin/../lib/gcc/i686-w64-mingw32/9.2.0/../../../../i686-w64-mingw32/lib/../lib/libmsvcrt.a(dgjads00067.o)
 .idata$4       0x004070a8        0x4 E:/CTOOLS/mingw32/bin/../lib/gcc/i686-w64-mingw32/9.2.0/../../../../i686-w64-mingw32/lib/../lib/libmsvcrt.a(dgjads00075.o)
 .idata$4       0x004070ac        0x4 E:/CTOOLS/mingw32/bin/../lib/gcc/i686-w64-mingw32/9.2.0/../../../../i686-w64-mingw32/lib/../lib/libmsvcrt.a(dgjads00082.o)
 .idata$4       0x004070b0        0x4 E:/CTOOLS/mingw32/bin/../lib/gcc/i686-w64-mingw32/9.2.0/../../../../i686-w64-mingw32/lib/../lib/libmsvcrt.a(dgjads00103.o)
 .idata$4       0x004070b4        0x4 E:/CTOOLS/mingw32/bin/../lib/gcc/i686-w64-mingw32/9.2.0/../../../../i686-w64-mingw32/lib/../lib/libmsvcrt.a(dgjads00106.o)
 .idata$4       0x004070b8        0x4 E:/CTOOLS/mingw32/bin/../lib/gcc/i686-w64-mingw32/9.2.0/../../../../i686-w64-mingw32/lib/../lib/libmsvcrt.a(dgjads00143.o)
 .idata$4       0x004070bc        0x4 E:/CTOOLS/mingw32/bin/../lib/gcc/i686-w64-mingw32/9.2.0/../../../../i686-w64-mingw32/lib/../lib/libmsvcrt.a(dgjads00160.o)
 .idata$4       0x004070c0        0x4 E:/CTOOLS/mingw32/bin/../lib/gcc/i686-w64-mingw32/9.2.0/../../../../i686-w64-mingw32/lib/../lib/libmsvcrt.a(dgjads00352.o)
 .idata$4       0x004070c4        0x4 E:/CTOOLS/mingw32/bin/../lib/gcc/i686-w64-mingw32/9.2.0/../../../../i686-w64-mingw32/lib/../lib/libmsvcrt.a(dgjads00356.o)
 .idata$4       0x004070c8        0x4 E:/CTOOLS/mingw32/bin/../lib/gcc/i686-w64-mingw32/9.2.0/../../../../i686-w64-mingw32/lib/../lib/libmsvcrt.a(dgjads00629.o)
 .idata$4       0x004070cc        0x4 E:/CTOOLS/mingw32/bin/../lib/gcc/i686-w64-mingw32/9.2.0/../../../../i686-w64-mingw32/lib/../lib/libmsvcrt.a(dgjads01059.o)
 .idata$4       0x004070d0        0x4 E:/CTOOLS/mingw32/bin/../lib/gcc/i686-w64-mingw32/9.2.0/../../../../i686-w64-mingw32/lib/../lib/libmsvcrt.a(dgjads01076.o)
 .idata$4       0x004070d4        0x4 E:/CTOOLS/mingw32/bin/../lib/gcc/i686-w64-mingw32/9.2.0/../../../../i686-w64-mingw32/lib/../lib/libmsvcrt.a(dgjads01085.o)
 .idata$4       0x004070d8        0x4 E:/CTOOLS/mingw32/bin/../lib/gcc/i686-w64-mingw32/9.2.0/../../../../i686-w64-mingw32/lib/../lib/libmsvcrt.a(dgjads01101.o)
 .idata$4       0x004070dc        0x4 E:/CTOOLS/mingw32/bin/../lib/gcc/i686-w64-mingw32/9.2.0/../../../../i686-w64-mingw32/lib/../lib/libmsvcrt.a(dgjads01110.o)
 .idata$4       0x004070e0        0x4 E:/CTOOLS/mingw32/bin/../lib/gcc/i686-w64-mingw32/9.2.0/../../../../i686-w64-mingw32/lib/../lib/libmsvcrt.a(dgjads01120.o)
 .idata$4       0x004070e4        0x4 E:/CTOOLS/mingw32/bin/../lib/gcc/i686-w64-mingw32/9.2.0/../../../../i686-w64-mingw32/lib/../lib/libmsvcrt.a(dgjads01167.o)
 .idata$4       0x004070e8        0x4 E:/CTOOLS/mingw32/bin/../lib/gcc/i686-w64-mingw32/9.2.0/../../../../i686-w64-mingw32/lib/../lib/libmsvcrt.a(dgjads01177.o)
 .idata$4       0x004070ec        0x4 E:/CTOOLS/mingw32/bin/../lib/gcc/i686-w64-mingw32/9.2.0/../../../../i686-w64-mingw32/lib/../lib/libmsvcrt.a(dgjads01203.o)
 .idata$4       0x004070f0        0x4 E:/CTOOLS/mingw32/bin/../lib/gcc/i686-w64-mingw32/9.2.0/../../../../i686-w64-mingw32/lib/../lib/libmsvcrt.a(dgjads01221.o)
 .idata$4       0x004070f4        0x4 E:/CTOOLS/mingw32/bin/../lib/gcc/i686-w64-mingw32/9.2.0/../../../../i686-w64-mingw32/lib/../lib/libmsvcrt.a(dgjads01224.o)
 .idata$4       0x004070f8        0x4 E:/CTOOLS/mingw32/bin/../lib/gcc/i686-w64-mingw32/9.2.0/../../../../i686-w64-mingw32/lib/../lib/libmsvcrt.a(dgjads01257.o)
 .idata$4       0x004070fc        0x4 E:/CTOOLS/mingw32/bin/../lib/gcc/i686-w64-mingw32/9.2.0/../../../../i686-w64-mingw32/lib/../lib/libmsvcrt.a(dgjadt.o)
                0x00407100                __IAT_start__ = .
 SORT_BY_NAME(*)(.idata$5)
 .idata$5       0x00407100        0x0 E:/CTOOLS/mingw32/bin/../lib/gcc/i686-w64-mingw32/9.2.0/../../../../i686-w64-mingw32/lib/../lib/libkernel32.a(dgdkbh.o)
 .idata$5       0x00407100        0x4 E:/CTOOLS/mingw32/bin/../lib/gcc/i686-w64-mingw32/9.2.0/../../../../i686-w64-mingw32/lib/../lib/libkernel32.a(dgdkbs00276.o)
                0x00407100                _imp__DeleteCriticalSection@4
 .idata$5       0x00407104        0x4 E:/CTOOLS/mingw32/bin/../lib/gcc/i686-w64-mingw32/9.2.0/../../../../i686-w64-mingw32/lib/../lib/libkernel32.a(dgdkbs00309.o)
                0x00407104                _imp__EnterCriticalSection@4
 .idata$5       0x00407108        0x4 E:/CTOOLS/mingw32/bin/../lib/gcc/i686-w64-mingw32/9.2.0/../../../../i686-w64-mingw32/lib/../lib/libkernel32.a(dgdkbs00432.o)
                0x00407108                _imp__FreeLibrary@4
 .idata$5       0x0040710c        0x4 E:/CTOOLS/mingw32/bin/../lib/gcc/i686-w64-mingw32/9.2.0/../../../../i686-w64-mingw32/lib/../lib/libkernel32.a(dgdkbs00542.o)
                0x0040710c                _imp__GetCurrentProcess@0
 .idata$5       0x00407110        0x4 E:/CTOOLS/mingw32/bin/../lib/gcc/i686-w64-mingw32/9.2.0/../../../../i686-w64-mingw32/lib/../lib/libkernel32.a(dgdkbs00543.o)
                0x00407110                _imp__GetCurrentProcessId@0
 .idata$5       0x00407114        0x4 E:/CTOOLS/mingw32/bin/../lib/gcc/i686-w64-mingw32/9.2.0/../../../../i686-w64-mingw32/lib/../lib/libkernel32.a(dgdkbs00547.o)
                0x00407114                _imp__GetCurrentThreadId@0
 .idata$5       0x00407118        0x4 E:/CTOOLS/mingw32/bin/../lib/gcc/i686-w64-mingw32/9.2.0/../../../../i686-w64-mingw32/lib/../lib/libkernel32.a(dgdkbs00616.o)
                0x00407118                _imp__GetLastError@0
 .idata$5       0x0040711c        0x4 E:/CTOOLS/mingw32/bin/../lib/gcc/i686-w64-mingw32/9.2.0/../../../../i686-w64-mingw32/lib/../lib/libkernel32.a(dgdkbs00636.o)
                0x0040711c                _imp__GetModuleHandleA@4
 .idata$5       0x00407120        0x4 E:/CTOOLS/mingw32/bin/../lib/gcc/i686-w64-mingw32/9.2.0/../../../../i686-w64-mingw32/lib/../lib/libkernel32.a(dgdkbs00693.o)
                0x00407120                _imp__GetProcAddress@8
 .idata$5       0x00407124        0x4 E:/CTOOLS/mingw32/bin/../lib/gcc/i686-w64-mingw32/9.2.0/../../../../i686-w64-mingw32/lib/../lib/libkernel32.a(dgdkbs00728.o)
                0x00407124                _imp__GetStartupInfoA@4
 .idata$5       0x00407128        0x4 E:/CTOOLS/mingw32/bin/../lib/gcc/i686-w64-mingw32/9.2.0/../../../../i686-w64-mingw32/lib/../lib/libkernel32.a(dgdkbs00754.o)
                0x00407128                _imp__GetSystemTimeAsFileTime@4
 .idata$5       0x0040712c        0x4 E:/CTOOLS/mingw32/bin/../lib/gcc/i686-w64-mingw32/9.2.0/../../../../i686-w64-mingw32/lib/../lib/libkernel32.a(dgdkbs00785.o)
                0x0040712c                _imp__GetTickCount@0
 .idata$5       0x00407130        0x4 E:/CTOOLS/mingw32/bin/../lib/gcc/i686-w64-mingw32/9.2.0/../../../../i686-w64-mingw32/lib/../lib/libkernel32.a(dgdkbs00876.o)
                0x00407130                _imp__InitializeCriticalSection@4
 .idata$5       0x00407134        0x4 E:/CTOOLS/mingw32/bin/../lib/gcc/i686-w64-mingw32/9.2.0/../../../../i686-w64-mingw32/lib/../lib/libkernel32.a(dgdkbs00972.o)
                0x00407134                _imp__LeaveCriticalSection@4
 .idata$5       0x00407138        0x4 E:/CTOOLS/mingw32/bin/../lib/gcc/i686-w64-mingw32/9.2.0/../../../../i686-w64-mingw32/lib/../lib/libkernel32.a(dgdkbs00976.o)
                0x00407138                _imp__LoadLibraryA@4
 .idata$5       0x0040713c        0x4 E:/CTOOLS/mingw32/bin/../lib/gcc/i686-w64-mingw32/9.2.0/../../../../i686-w64-mingw32/lib/../lib/libkernel32.a(dgdkbs01117.o)
                0x0040713c                _imp__QueryPerformanceCounter@4
 .idata$5       0x00407140        0x4 E:/CTOOLS/mingw32/bin/../lib/gcc/i686-w64-mingw32/9.2.0/../../../../i686-w64-mingw32/lib/../lib/libkernel32.a(dgdkbs01369.o)
                0x00407140                _imp__SetUnhandledExceptionFilter@4
 .idata$5       0x00407144        0x4 E:/CTOOLS/mingw32/bin/../lib/gcc/i686-w64-mingw32/9.2.0/../../../../i686-w64-mingw32/lib/../lib/libkernel32.a(dgdkbs01385.o)
                0x00407144                _imp__Sleep@4
 .idata$5       0x00407148        0x4 E:/CTOOLS/mingw32/bin/../lib/gcc/i686-w64-mingw32/9.2.0/../../../../i686-w64-mingw32/lib/../lib/libkernel32.a(dgdkbs01400.o)
                0x00407148                _imp__TerminateProcess@8
 .idata$5       0x0040714c        0x4 E:/CTOOLS/mingw32/bin/../lib/gcc/i686-w64-mingw32/9.2.0/../../../../i686-w64-mingw32/lib/../lib/libkernel32.a(dgdkbs01420.o)
                0x0040714c                _imp__TlsGetValue@4
 .idata$5       0x00407150        0x4 E:/CTOOLS/mingw32/bin/../lib/gcc/i686-w64-mingw32/9.2.0/../../../../i686-w64-mingw32/lib/../lib/libkernel32.a(dgdkbs01434.o)
                0x00407150                _imp__UnhandledExceptionFilter@4
 .idata$5       0x00407154        0x4 E:/CTOOLS/mingw32/bin/../lib/gcc/i686-w64-mingw32/9.2.0/../../../../i686-w64-mingw32/lib/../lib/libkernel32.a(dgdkbs01468.o)
                0x00407154                _imp__VirtualProtect@16
 .idata$5       0x00407158        0x4 E:/CTOOLS/mingw32/bin/../lib/gcc/i686-w64-mingw32/9.2.0/../../../../i686-w64-mingw32/lib/../lib/libkernel32.a(dgdkbs01471.o)
                0x00407158                _imp__VirtualQuery@12
 .idata$5       0x0040715c        0x4 E:/CTOOLS/mingw32/bin/../lib/gcc/i686-w64-mingw32/9.2.0/../../../../i686-w64-mingw32/lib/../lib/libkernel32.a(dgdkbt.o)
 .idata$5       0x00407160        0x0 E:/CTOOLS/mingw32/bin/../lib/gcc/i686-w64-mingw32/9.2.0/../../../../i686-w64-mingw32/lib/../lib/libmsvcrt.a(dgjadh.o)
 .idata$5       0x00407160        0x4 E:/CTOOLS/mingw32/bin/../lib/gcc/i686-w64-mingw32/9.2.0/../../../../i686-w64-mingw32/lib/../lib/libmsvcrt.a(dgjads00057.o)
                0x00407160                _imp____getmainargs
 .idata$5       0x00407164        0x4 E:/CTOOLS/mingw32/bin/../lib/gcc/i686-w64-mingw32/9.2.0/../../../../i686-w64-mingw32/lib/../lib/libmsvcrt.a(dgjads00058.o)
                0x00407164                _imp____initenv
 .idata$5       0x00407168        0x4 E:/CTOOLS/mingw32/bin/../lib/gcc/i686-w64-mingw32/9.2.0/../../../../i686-w64-mingw32/lib/../lib/libmsvcrt.a(dgjads00067.o)
                0x00407168                _imp____lconv_init
 .idata$5       0x0040716c        0x4 E:/CTOOLS/mingw32/bin/../lib/gcc/i686-w64-mingw32/9.2.0/../../../../i686-w64-mingw32/lib/../lib/libmsvcrt.a(dgjads00075.o)
                0x0040716c                _imp____p__acmdln
 .idata$5       0x00407170        0x4 E:/CTOOLS/mingw32/bin/../lib/gcc/i686-w64-mingw32/9.2.0/../../../../i686-w64-mingw32/lib/../lib/libmsvcrt.a(dgjads00082.o)
                0x00407170                _imp____p__fmode
 .idata$5       0x00407174        0x4 E:/CTOOLS/mingw32/bin/../lib/gcc/i686-w64-mingw32/9.2.0/../../../../i686-w64-mingw32/lib/../lib/libmsvcrt.a(dgjads00103.o)
                0x00407174                _imp____set_app_type
 .idata$5       0x00407178        0x4 E:/CTOOLS/mingw32/bin/../lib/gcc/i686-w64-mingw32/9.2.0/../../../../i686-w64-mingw32/lib/../lib/libmsvcrt.a(dgjads00106.o)
                0x00407178                _imp____setusermatherr
 .idata$5       0x0040717c        0x4 E:/CTOOLS/mingw32/bin/../lib/gcc/i686-w64-mingw32/9.2.0/../../../../i686-w64-mingw32/lib/../lib/libmsvcrt.a(dgjads00143.o)
                0x0040717c                _imp___amsg_exit
 .idata$5       0x00407180        0x4 E:/CTOOLS/mingw32/bin/../lib/gcc/i686-w64-mingw32/9.2.0/../../../../i686-w64-mingw32/lib/../lib/libmsvcrt.a(dgjads00160.o)
                0x00407180                _imp___cexit
 .idata$5       0x00407184        0x4 E:/CTOOLS/mingw32/bin/../lib/gcc/i686-w64-mingw32/9.2.0/../../../../i686-w64-mingw32/lib/../lib/libmsvcrt.a(dgjads00352.o)
                0x00407184                _imp___initterm
 .idata$5       0x00407188        0x4 E:/CTOOLS/mingw32/bin/../lib/gcc/i686-w64-mingw32/9.2.0/../../../../i686-w64-mingw32/lib/../lib/libmsvcrt.a(dgjads00356.o)
                0x00407188                _imp___iob
 .idata$5       0x0040718c        0x4 E:/CTOOLS/mingw32/bin/../lib/gcc/i686-w64-mingw32/9.2.0/../../../../i686-w64-mingw32/lib/../lib/libmsvcrt.a(dgjads00629.o)
                0x0040718c                _imp___onexit
 .idata$5       0x00407190        0x4 E:/CTOOLS/mingw32/bin/../lib/gcc/i686-w64-mingw32/9.2.0/../../../../i686-w64-mingw32/lib/../lib/libmsvcrt.a(dgjads01059.o)
                0x00407190                _imp__abort
 .idata$5       0x00407194        0x4 E:/CTOOLS/mingw32/bin/../lib/gcc/i686-w64-mingw32/9.2.0/../../../../i686-w64-mingw32/lib/../lib/libmsvcrt.a(dgjads01076.o)
                0x00407194                _imp__calloc
 .idata$5       0x00407198        0x4 E:/CTOOLS/mingw32/bin/../lib/gcc/i686-w64-mingw32/9.2.0/../../../../i686-w64-mingw32/lib/../lib/libmsvcrt.a(dgjads01085.o)
                0x00407198                _imp__exit
 .idata$5       0x0040719c        0x4 E:/CTOOLS/mingw32/bin/../lib/gcc/i686-w64-mingw32/9.2.0/../../../../i686-w64-mingw32/lib/../lib/libmsvcrt.a(dgjads01101.o)
                0x0040719c                _imp__fprintf
 .idata$5       0x004071a0        0x4 E:/CTOOLS/mingw32/bin/../lib/gcc/i686-w64-mingw32/9.2.0/../../../../i686-w64-mingw32/lib/../lib/libmsvcrt.a(dgjads01110.o)
                0x004071a0                _imp__free
 .idata$5       0x004071a4        0x4 E:/CTOOLS/mingw32/bin/../lib/gcc/i686-w64-mingw32/9.2.0/../../../../i686-w64-mingw32/lib/../lib/libmsvcrt.a(dgjads01120.o)
                0x004071a4                _imp__fwrite
 .idata$5       0x004071a8        0x4 E:/CTOOLS/mingw32/bin/../lib/gcc/i686-w64-mingw32/9.2.0/../../../../i686-w64-mingw32/lib/../lib/libmsvcrt.a(dgjads01167.o)
                0x004071a8                _imp__malloc
 .idata$5       0x004071ac        0x4 E:/CTOOLS/mingw32/bin/../lib/gcc/i686-w64-mingw32/9.2.0/../../../../i686-w64-mingw32/lib/../lib/libmsvcrt.a(dgjads01177.o)
                0x004071ac                _imp__memcpy
 .idata$5       0x004071b0        0x4 E:/CTOOLS/mingw32/bin/../lib/gcc/i686-w64-mingw32/9.2.0/../../../../i686-w64-mingw32/lib/../lib/libmsvcrt.a(dgjads01203.o)
                0x004071b0                _imp__signal
 .idata$5       0x004071b4        0x4 E:/CTOOLS/mingw32/bin/../lib/gcc/i686-w64-mingw32/9.2.0/../../../../i686-w64-mingw32/lib/../lib/libmsvcrt.a(dgjads01221.o)
                0x004071b4                _imp__strlen
 .idata$5       0x004071b8        0x4 E:/CTOOLS/mingw32/bin/../lib/gcc/i686-w64-mingw32/9.2.0/../../../../i686-w64-mingw32/lib/../lib/libmsvcrt.a(dgjads01224.o)
                0x004071b8                _imp__strncmp
 .idata$5       0x004071bc        0x4 E:/CTOOLS/mingw32/bin/../lib/gcc/i686-w64-mingw32/9.2.0/../../../../i686-w64-mingw32/lib/../lib/libmsvcrt.a(dgjads01257.o)
                0x004071bc                _imp__vfprintf
 .idata$5       0x004071c0        0x4 E:/CTOOLS/mingw32/bin/../lib/gcc/i686-w64-mingw32/9.2.0/../../../../i686-w64-mingw32/lib/../lib/libmsvcrt.a(dgjadt.o)
                0x004071c4                __IAT_end__ = .
 SORT_BY_NAME(*)(.idata$6)
 .idata$6       0x004071c4       0x18 E:/CTOOLS/mingw32/bin/../lib/gcc/i686-w64-mingw32/9.2.0/../../../../i686-w64-mingw32/lib/../lib/libkernel32.a(dgdkbs00276.o)
 .idata$6       0x004071dc       0x18 E:/CTOOLS/mingw32/bin/../lib/gcc/i686-w64-mingw32/9.2.0/../../../../i686-w64-mingw32/lib/../lib/libkernel32.a(dgdkbs00309.o)
 .idata$6       0x004071f4        0xe E:/CTOOLS/mingw32/bin/../lib/gcc/i686-w64-mingw32/9.2.0/../../../../i686-w64-mingw32/lib/../lib/libkernel32.a(dgdkbs00432.o)
 .idata$6       0x00407202       0x14 E:/CTOOLS/mingw32/bin/../lib/gcc/i686-w64-mingw32/9.2.0/../../../../i686-w64-mingw32/lib/../lib/libkernel32.a(dgdkbs00542.o)
 .idata$6       0x00407216       0x16 E:/CTOOLS/mingw32/bin/../lib/gcc/i686-w64-mingw32/9.2.0/../../../../i686-w64-mingw32/lib/../lib/libkernel32.a(dgdkbs00543.o)
 .idata$6       0x0040722c       0x16 E:/CTOOLS/mingw32/bin/../lib/gcc/i686-w64-mingw32/9.2.0/../../../../i686-w64-mingw32/lib/../lib/libkernel32.a(dgdkbs00547.o)
 .idata$6       0x00407242       0x10 E:/CTOOLS/mingw32/bin/../lib/gcc/i686-w64-mingw32/9.2.0/../../../../i686-w64-mingw32/lib/../lib/libkernel32.a(dgdkbs00616.o)
 .idata$6       0x00407252       0x14 E:/CTOOLS/mingw32/bin/../lib/gcc/i686-w64-mingw32/9.2.0/../../../../i686-w64-mingw32/lib/../lib/libkernel32.a(dgdkbs00636.o)
 .idata$6       0x00407266       0x12 E:/CTOOLS/mingw32/bin/../lib/gcc/i686-w64-mingw32/9.2.0/../../../../i686-w64-mingw32/lib/../lib/libkernel32.a(dgdkbs00693.o)
 .idata$6       0x00407278       0x12 E:/CTOOLS/mingw32/bin/../lib/gcc/i686-w64-mingw32/9.2.0/../../../../i686-w64-mingw32/lib/../lib/libkernel32.a(dgdkbs00728.o)
 .idata$6       0x0040728a       0x1a E:/CTOOLS/mingw32/bin/../lib/gcc/i686-w64-mingw32/9.2.0/../../../../i686-w64-mingw32/lib/../lib/libkernel32.a(dgdkbs00754.o)
 .idata$6       0x004072a4       0x10 E:/CTOOLS/mingw32/bin/../lib/gcc/i686-w64-mingw32/9.2.0/../../../../i686-w64-mingw32/lib/../lib/libkernel32.a(dgdkbs00785.o)
 .idata$6       0x004072b4       0x1c E:/CTOOLS/mingw32/bin/../lib/gcc/i686-w64-mingw32/9.2.0/../../../../i686-w64-mingw32/lib/../lib/libkernel32.a(dgdkbs00876.o)
 .idata$6       0x004072d0       0x18 E:/CTOOLS/mingw32/bin/../lib/gcc/i686-w64-mingw32/9.2.0/../../../../i686-w64-mingw32/lib/../lib/libkernel32.a(dgdkbs00972.o)
 .idata$6       0x004072e8       0x10 E:/CTOOLS/mingw32/bin/../lib/gcc/i686-w64-mingw32/9.2.0/../../../../i686-w64-mingw32/lib/../lib/libkernel32.a(dgdkbs00976.o)
 .idata$6       0x004072f8       0x1a E:/CTOOLS/mingw32/bin/../lib/gcc/i686-w64-mingw32/9.2.0/../../../../i686-w64-mingw32/lib/../lib/libkernel32.a(dgdkbs01117.o)
 .idata$6       0x00407312       0x1e E:/CTOOLS/mingw32/bin/../lib/gcc/i686-w64-mingw32/9.2.0/../../../../i686-w64-mingw32/lib/../lib/libkernel32.a(dgdkbs01369.o)
 .idata$6       0x00407330        0x8 E:/CTOOLS/mingw32/bin/../lib/gcc/i686-w64-mingw32/9.2.0/../../../../i686-w64-mingw32/lib/../lib/libkernel32.a(dgdkbs01385.o)
 .idata$6       0x00407338       0x14 E:/CTOOLS/mingw32/bin/../lib/gcc/i686-w64-mingw32/9.2.0/../../../../i686-w64-mingw32/lib/../lib/libkernel32.a(dgdkbs01400.o)
 .idata$6       0x0040734c        0xe E:/CTOOLS/mingw32/bin/../lib/gcc/i686-w64-mingw32/9.2.0/../../../../i686-w64-mingw32/lib/../lib/libkernel32.a(dgdkbs01420.o)
 .idata$6       0x0040735a       0x1c E:/CTOOLS/mingw32/bin/../lib/gcc/i686-w64-mingw32/9.2.0/../../../../i686-w64-mingw32/lib/../lib/libkernel32.a(dgdkbs01434.o)
 .idata$6       0x00407376       0x12 E:/CTOOLS/mingw32/bin/../lib/gcc/i686-w64-mingw32/9.2.0/../../../../i686-w64-mingw32/lib/../lib/libkernel32.a(dgdkbs01468.o)
 .idata$6       0x00407388       0x10 E:/CTOOLS/mingw32/bin/../lib/gcc/i686-w64-mingw32/9.2.0/../../../../i686-w64-mingw32/lib/../lib/libkernel32.a(dgdkbs01471.o)
 .idata$6       0x00407398       0x10 E:/CTOOLS/mingw32/bin/../lib/gcc/i686-w64-mingw32/9.2.0/../../../../i686-w64-mingw32/lib/../lib/libmsvcrt.a(dgjads00057.o)
 .idata$6       0x004073a8        0xc E:/CTOOLS/mingw32/bin/../lib/gcc/i686-w64-mingw32/9.2.0/../../../../i686-w64-mingw32/lib/../lib/libmsvcrt.a(dgjads00058.o)
 .idata$6       0x004073b4       0x10 E:/CTOOLS/mingw32/bin/../lib/gcc/i686-w64-mingw32/9.2.0/../../../../i686-w64-mingw32/lib/../lib/libmsvcrt.a(dgjads00067.o)
 .idata$6       0x004073c4        0xe E:/CTOOLS/mingw32/bin/../lib/gcc/i686-w64-mingw32/9.2.0/../../../../i686-w64-mingw32/lib/../lib/libmsvcrt.a(dgjads00075.o)
 .idata$6       0x004073d2        0xe E:/CTOOLS/mingw32/bin/../lib/gcc/i686-w64-mingw32/9.2.0/../../../../i686-w64-mingw32/lib/../lib/libmsvcrt.a(dgjads00082.o)
 .idata$6       0x004073e0       0x12 E:/CTOOLS/mingw32/bin/../lib/gcc/i686-w64-mingw32/9.2.0/../../../../i686-w64-mingw32/lib/../lib/libmsvcrt.a(dgjads00103.o)
 .idata$6       0x004073f2       0x14 E:/CTOOLS/mingw32/bin/../lib/gcc/i686-w64-mingw32/9.2.0/../../../../i686-w64-mingw32/lib/../lib/libmsvcrt.a(dgjads00106.o)
 .idata$6       0x00407406        0xe E:/CTOOLS/mingw32/bin/../lib/gcc/i686-w64-mingw32/9.2.0/../../../../i686-w64-mingw32/lib/../lib/libmsvcrt.a(dgjads00143.o)
 .idata$6       0x00407414        0xa E:/CTOOLS/mingw32/bin/../lib/gcc/i686-w64-mingw32/9.2.0/../../../../i686-w64-mingw32/lib/../lib/libmsvcrt.a(dgjads00160.o)
 .idata$6       0x0040741e        0xc E:/CTOOLS/mingw32/bin/../lib/gcc/i686-w64-mingw32/9.2.0/../../../../i686-w64-mingw32/lib/../lib/libmsvcrt.a(dgjads00352.o)
 .idata$6       0x0040742a        0x8 E:/CTOOLS/mingw32/bin/../lib/gcc/i686-w64-mingw32/9.2.0/../../../../i686-w64-mingw32/lib/../lib/libmsvcrt.a(dgjads00356.o)
 .idata$6       0x00407432        0xa E:/CTOOLS/mingw32/bin/../lib/gcc/i686-w64-mingw32/9.2.0/../../../../i686-w64-mingw32/lib/../lib/libmsvcrt.a(dgjads00629.o)
 .idata$6       0x0040743c        0x8 E:/CTOOLS/mingw32/bin/../lib/gcc/i686-w64-mingw32/9.2.0/../../../../i686-w64-mingw32/lib/../lib/libmsvcrt.a(dgjads01059.o)
 .idata$6       0x00407444        0xa E:/CTOOLS/mingw32/bin/../lib/gcc/i686-w64-mingw32/9.2.0/../../../../i686-w64-mingw32/lib/../lib/libmsvcrt.a(dgjads01076.o)
 .idata$6       0x0040744e        0x8 E:/CTOOLS/mingw32/bin/../lib/gcc/i686-w64-mingw32/9.2.0/../../../../i686-w64-mingw32/lib/../lib/libmsvcrt.a(dgjads01085.o)
 .idata$6       0x00407456        0xa E:/CTOOLS/mingw32/bin/../lib/gcc/i686-w64-mingw32/9.2.0/../../../../i686-w64-mingw32/lib/../lib/libmsvcrt.a(dgjads01101.o)
 .idata$6       0x00407460        0x8 E:/CTOOLS/mingw32/bin/../lib/gcc/i686-w64-mingw32/9.2.0/../../../../i686-w64-mingw32/lib/../lib/libmsvcrt.a(dgjads01110.o)
 .idata$6       0x00407468        0xa E:/CTOOLS/mingw32/bin/../lib/gcc/i686-w64-mingw32/9.2.0/../../../../i686-w64-mingw32/lib/../lib/libmsvcrt.a(dgjads01120.o)
 .idata$6       0x00407472        0xa E:/CTOOLS/mingw32/bin/../lib/gcc/i686-w64-mingw32/9.2.0/../../../../i686-w64-mingw32/lib/../lib/libmsvcrt.a(dgjads01167.o)
 .idata$6       0x0040747c        0xa E:/CTOOLS/mingw32/bin/../lib/gcc/i686-w64-mingw32/9.2.0/../../../../i686-w64-mingw32/lib/../lib/libmsvcrt.a(dgjads01177.o)
 .idata$6       0x00407486        0xa E:/CTOOLS/mingw32/bin/../lib/gcc/i686-w64-mingw32/9.2.0/../../../../i686-w64-mingw32/lib/../lib/libmsvcrt.a(dgjads01203.o)
 .idata$6       0x00407490        0xa E:/CTOOLS/mingw32/bin/../lib/gcc/i686-w64-mingw32/9.2.0/../../../../i686-w64-mingw32/lib/../lib/libmsvcrt.a(dgjads01221.o)
 .idata$6       0x0040749a        0xa E:/CTOOLS/mingw32/bin/../lib/gcc/i686-w64-mingw32/9.2.0/../../../../i686-w64-mingw32/lib/../lib/libmsvcrt.a(dgjads01224.o)
 .idata$6       0x004074a4        0xc E:/CTOOLS/mingw32/bin/../lib/gcc/i686-w64-mingw32/9.2.0/../../../../i686-w64-mingw32/lib/../lib/libmsvcrt.a(dgjads01257.o)
 SORT_BY_NAME(*)(.idata$7)
 .idata$7       0x004074b0        0x4 E:/CTOOLS/mingw32/bin/../lib/gcc/i686-w64-mingw32/9.2.0/../../../../i686-w64-mingw32/lib/../lib/libkernel32.a(dgdkbs00276.o)
 .idata$7       0x004074b4        0x4 E:/CTOOLS/mingw32/bin/../lib/gcc/i686-w64-mingw32/9.2.0/../../../../i686-w64-mingw32/lib/../lib/libkernel32.a(dgdkbs00309.o)
 .idata$7       0x004074b8        0x4 E:/CTOOLS/mingw32/bin/../lib/gcc/i686-w64-mingw32/9.2.0/../../../../i686-w64-mingw32/lib/../lib/libkernel32.a(dgdkbs00432.o)
 .idata$7       0x004074bc        0x4 E:/CTOOLS/mingw32/bin/../lib/gcc/i686-w64-mingw32/9.2.0/../../../../i686-w64-mingw32/lib/../lib/libkernel32.a(dgdkbs00542.o)
 .idata$7       0x004074c0        0x4 E:/CTOOLS/mingw32/bin/../lib/gcc/i686-w64-mingw32/9.2.0/../../../../i686-w64-mingw32/lib/../lib/libkernel32.a(dgdkbs00543.o)
 .idata$7       0x004074c4        0x4 E:/CTOOLS/mingw32/bin/../lib/gcc/i686-w64-mingw32/9.2.0/../../../../i686-w64-mingw32/lib/../lib/libkernel32.a(dgdkbs00547.o)
 .idata$7       0x004074c8        0x4 E:/CTOOLS/mingw32/bin/../lib/gcc/i686-w64-mingw32/9.2.0/../../../../i686-w64-mingw32/lib/../lib/libkernel32.a(dgdkbs00616.o)
 .idata$7       0x004074cc        0x4 E:/CTOOLS/mingw32/bin/../lib/gcc/i686-w64-mingw32/9.2.0/../../../../i686-w64-mingw32/lib/../lib/libkernel32.a(dgdkbs00636.o)
 .idata$7       0x004074d0        0x4 E:/CTOOLS/mingw32/bin/../lib/gcc/i686-w64-mingw32/9.2.0/../../../../i686-w64-mingw32/lib/../lib/libkernel32.a(dgdkbs00693.o)
 .idata$7       0x004074d4        0x4 E:/CTOOLS/mingw32/bin/../lib/gcc/i686-w64-mingw32/9.2.0/../../../../i686-w64-mingw32/lib/../lib/libkernel32.a(dgdkbs00728.o)
 .idata$7       0x004074d8        0x4 E:/CTOOLS/mingw32/bin/../lib/gcc/i686-w64-mingw32/9.2.0/../../../../i686-w64-mingw32/lib/../lib/libkernel32.a(dgdkbs00754.o)
 .idata$7       0x004074dc        0x4 E:/CTOOLS/mingw32/bin/../lib/gcc/i686-w64-mingw32/9.2.0/../../../../i686-w64-mingw32/lib/../lib/libkernel32.a(dgdkbs00785.o)
 .idata$7       0x004074e0        0x4 E:/CTOOLS/mingw32/bin/../lib/gcc/i686-w64-mingw32/9.2.0/../../../../i686-w64-mingw32/lib/../lib/libkernel32.a(dgdkbs00876.o)
 .idata$7       0x004074e4        0x4 E:/CTOOLS/mingw32/bin/../lib/gcc/i686-w64-mingw32/9.2.0/../../../../i686-w64-mingw32/lib/../lib/libkernel32.a(dgdkbs00972.o)
 .idata$7       0x004074e8        0x4 E:/CTOOLS/mingw32/bin/../lib/gcc/i686-w64-mingw32/9.2.0/../../../../i686-w64-mingw32/lib/../lib/libkernel32.a(dgdkbs00976.o)
 .idata$7       0x004074ec        0x4 E:/CTOOLS/mingw32/bin/../lib/gcc/i686-w64-mingw32/9.2.0/../../../../i686-w64-mingw32/lib/../lib/libkernel32.a(dgdkbs01117.o)
 .idata$7       0x004074f0        0x4 E:/CTOOLS/mingw32/bin/../lib/gcc/i686-w64-mingw32/9.2.0/../../../../i686-w64-mingw32/lib/../lib/libkernel32.a(dgdkbs01369.o)
 .idata$7       0x004074f4        0x4 E:/CTOOLS/mingw32/bin/../lib/gcc/i686-w64-mingw32/9.2.0/../../../../i686-w64-mingw32/lib/../lib/libkernel32.a(dgdkbs01385.o)
 .idata$7       0x004074f8        0x4 E:/CTOOLS/mingw32/bin/../lib/gcc/i686-w64-mingw32/9.2.0/../../../../i686-w64-mingw32/lib/../lib/libkernel32.a(dgdkbs01400.o)
 .idata$7       0x004074fc        0x4 E:/CTOOLS/mingw32/bin/../lib/gcc/i686-w64-mingw32/9.2.0/../../../../i686-w64-mingw32/lib/../lib/libkernel32.a(dgdkbs01420.o)
 .idata$7       0x00407500        0x4 E:/CTOOLS/mingw32/bin/../lib/gcc/i686-w64-mingw32/9.2.0/../../../../i686-w64-mingw32/lib/../lib/libkernel32.a(dgdkbs01434.o)
 .idata$7       0x00407504        0x4 E:/CTOOLS/mingw32/bin/../lib/gcc/i686-w64-mingw32/9.2.0/../../../../i686-w64-mingw32/lib/../lib/libkernel32.a(dgdkbs01468.o)
 .idata$7       0x00407508        0x4 E:/CTOOLS/mingw32/bin/../lib/gcc/i686-w64-mingw32/9.2.0/../../../../i686-w64-mingw32/lib/../lib/libkernel32.a(dgdkbs01471.o)
 .idata$7       0x0040750c       0x10 E:/CTOOLS/mingw32/bin/../lib/gcc/i686-w64-mingw32/9.2.0/../../../../i686-w64-mingw32/lib/../lib/libkernel32.a(dgdkbt.o)
                0x0040750c                _lib32_libkernel32_a_iname
 .idata$7       0x0040751c        0x4 E:/CTOOLS/mingw32/bin/../lib/gcc/i686-w64-mingw32/9.2.0/../../../../i686-w64-mingw32/lib/../lib/libmsvcrt.a(dgjads00057.o)
 .idata$7       0x00407520        0x4 E:/CTOOLS/mingw32/bin/../lib/gcc/i686-w64-mingw32/9.2.0/../../../../i686-w64-mingw32/lib/../lib/libmsvcrt.a(dgjads00058.o)
 .idata$7       0x00407524        0x4 E:/CTOOLS/mingw32/bin/../lib/gcc/i686-w64-mingw32/9.2.0/../../../../i686-w64-mingw32/lib/../lib/libmsvcrt.a(dgjads00067.o)
 .idata$7       0x00407528        0x4 E:/CTOOLS/mingw32/bin/../lib/gcc/i686-w64-mingw32/9.2.0/../../../../i686-w64-mingw32/lib/../lib/libmsvcrt.a(dgjads00075.o)
 .idata$7       0x0040752c        0x4 E:/CTOOLS/mingw32/bin/../lib/gcc/i686-w64-mingw32/9.2.0/../../../../i686-w64-mingw32/lib/../lib/libmsvcrt.a(dgjads00082.o)
 .idata$7       0x00407530        0x4 E:/CTOOLS/mingw32/bin/../lib/gcc/i686-w64-mingw32/9.2.0/../../../../i686-w64-mingw32/lib/../lib/libmsvcrt.a(dgjads00103.o)
 .idata$7       0x00407534        0x4 E:/CTOOLS/mingw32/bin/../lib/gcc/i686-w64-mingw32/9.2.0/../../../../i686-w64-mingw32/lib/../lib/libmsvcrt.a(dgjads00106.o)
 .idata$7       0x00407538        0x4 E:/CTOOLS/mingw32/bin/../lib/gcc/i686-w64-mingw32/9.2.0/../../../../i686-w64-mingw32/lib/../lib/libmsvcrt.a(dgjads00143.o)
 .idata$7       0x0040753c        0x4 E:/CTOOLS/mingw32/bin/../lib/gcc/i686-w64-mingw32/9.2.0/../../../../i686-w64-mingw32/lib/../lib/libmsvcrt.a(dgjads00160.o)
 .idata$7       0x00407540        0x4 E:/CTOOLS/mingw32/bin/../lib/gcc/i686-w64-mingw32/9.2.0/../../../../i686-w64-mingw32/lib/../lib/libmsvcrt.a(dgjads00352.o)
 .idata$7       0x00407544        0x4 E:/CTOOLS/mingw32/bin/../lib/gcc/i686-w64-mingw32/9.2.0/../../../../i686-w64-mingw32/lib/../lib/libmsvcrt.a(dgjads00356.o)
 .idata$7       0x00407548        0x4 E:/CTOOLS/mingw32/bin/../lib/gcc/i686-w64-mingw32/9.2.0/../../../../i686-w64-mingw32/lib/../lib/libmsvcrt.a(dgjads00629.o)
 .idata$7       0x0040754c        0x4 E:/CTOOLS/mingw32/bin/../lib/gcc/i686-w64-mingw32/9.2.0/../../../../i686-w64-mingw32/lib/../lib/libmsvcrt.a(dgjads01059.o)
 .idata$7       0x00407550        0x4 E:/CTOOLS/mingw32/bin/../lib/gcc/i686-w64-mingw32/9.2.0/../../../../i686-w64-mingw32/lib/../lib/libmsvcrt.a(dgjads01076.o)
 .idata$7       0x00407554        0x4 E:/CTOOLS/mingw32/bin/../lib/gcc/i686-w64-mingw32/9.2.0/../../../../i686-w64-mingw32/lib/../lib/libmsvcrt.a(dgjads01085.o)
 .idata$7       0x00407558        0x4 E:/CTOOLS/mingw32/bin/../lib/gcc/i686-w64-mingw32/9.2.0/../../../../i686-w64-mingw32/lib/../lib/libmsvcrt.a(dgjads01101.o)
 .idata$7       0x0040755c        0x4 E:/CTOOLS/mingw32/bin/../lib/gcc/i686-w64-mingw32/9.2.0/../../../../i686-w64-mingw32/lib/../lib/libmsvcrt.a(dgjads01110.o)
 .idata$7       0x00407560        0x4 E:/CTOOLS/mingw32/bin/../lib/gcc/i686-w64-mingw32/9.2.0/../../../../i686-w64-mingw32/lib/../lib/libmsvcrt.a(dgjads01120.o)
 .idata$7       0x00407564        0x4 E:/CTOOLS/mingw32/bin/../lib/gcc/i686-w64-mingw32/9.2.0/../../../../i686-w64-mingw32/lib/../lib/libmsvcrt.a(dgjads01167.o)
 .idata$7       0x00407568        0x4 E:/CTOOLS/mingw32/bin/../lib/gcc/i686-w64-mingw32/9.2.0/../../../../i686-w64-mingw32/lib/../lib/libmsvcrt.a(dgjads01177.o)
 .idata$7       0x0040756c        0x4 E:/CTOOLS/mingw32/bin/../lib/gcc/i686-w64-mingw32/9.2.0/../../../../i686-w64-mingw32/lib/../lib/libmsvcrt.a(dgjads01203.o)
 .idata$7       0x00407570        0x4 E:/CTOOLS/mingw32/bin/../lib/gcc/i686-w64-mingw32/9.2.0/../../../../i686-w64-mingw32/lib/../lib/libmsvcrt.a(dgjads01221.o)
 .idata$7       0x00407574        0x4 E:/CTOOLS/mingw32/bin/../lib/gcc/i686-w64-mingw32/9.2.0/../../../../i686-w64-mingw32/lib/../lib/libmsvcrt.a(dgjads01224.o)
 .idata$7       0x00407578        0x4 E:/CTOOLS/mingw32/bin/../lib/gcc/i686-w64-mingw32/9.2.0/../../../../i686-w64-mingw32/lib/../lib/libmsvcrt.a(dgjads01257.o)
 .idata$7       0x0040757c        0xc E:/CTOOLS/mingw32/bin/../lib/gcc/i686-w64-mingw32/9.2.0/../../../../i686-w64-mingw32/lib/../lib/libmsvcrt.a(dgjadt.o)
                0x0040757c                _lib32_libmsvcrt_os_a_iname

.CRT            0x00408000      0x200
                0x00408000                ___crt_xc_start__ = .
 *(SORT_BY_NAME(.CRT$XC*))
 .CRT$XCA       0x00408000        0x4 E:/CTOOLS/mingw32/bin/../lib/gcc/i686-w64-mingw32/9.2.0/../../../../i686-w64-mingw32/lib/../lib/libmingw32.a(lib32_libmingw32_a-cinitexe.o)
                0x00408000                __xc_a
 .CRT$XCAA      0x00408004        0x4 E:/CTOOLS/mingw32/bin/../lib/gcc/i686-w64-mingw32/9.2.0/../../../../i686-w64-mingw32/lib/../lib/crt2.o
                0x00408004                mingw_pcppinit
 .CRT$XCZ       0x00408008        0x4 E:/CTOOLS/mingw32/bin/../lib/gcc/i686-w64-mingw32/9.2.0/../../../../i686-w64-mingw32/lib/../lib/libmingw32.a(lib32_libmingw32_a-cinitexe.o)
                0x00408008                __xc_z
                0x0040800c                ___crt_xc_end__ = .
                0x0040800c                ___crt_xi_start__ = .
 *(SORT_BY_NAME(.CRT$XI*))
 .CRT$XIA       0x0040800c        0x4 E:/CTOOLS/mingw32/bin/../lib/gcc/i686-w64-mingw32/9.2.0/../../../../i686-w64-mingw32/lib/../lib/libmingw32.a(lib32_libmingw32_a-cinitexe.o)
                0x0040800c                __xi_a
 .CRT$XIAA      0x00408010        0x4 E:/CTOOLS/mingw32/bin/../lib/gcc/i686-w64-mingw32/9.2.0/../../../../i686-w64-mingw32/lib/../lib/crt2.o
                0x00408010                mingw_pcinit
 .CRT$XIC       0x00408014        0x4 E:/CTOOLS/mingw32/bin/../lib/gcc/i686-w64-mingw32/9.2.0/../../../../i686-w64-mingw32/lib/../lib/libmingw32.a(lib32_libmingw32_a-charmax.o)
                0x00408014                __mingw_pinit
 .CRT$XIZ       0x00408018        0x4 E:/CTOOLS/mingw32/bin/../lib/gcc/i686-w64-mingw32/9.2.0/../../../../i686-w64-mingw32/lib/../lib/libmingw32.a(lib32_libmingw32_a-cinitexe.o)
                0x00408018                __xi_z
                0x0040801c                ___crt_xi_end__ = .
                0x0040801c                ___crt_xl_start__ = .
 *(SORT_BY_NAME(.CRT$XL*))
 .CRT$XLA       0x0040801c        0x4 E:/CTOOLS/mingw32/bin/../lib/gcc/i686-w64-mingw32/9.2.0/../../../../i686-w64-mingw32/lib/../lib/libmingw32.a(lib32_libmingw32_a-tlssup.o)
                0x0040801c                __xl_a